

================================================================
== Vitis HLS Report for 'dft'
================================================================
* Date:           Sun Sep 26 20:29:54 2021

* Version:        2021.1 (Build 3247384 on Thu Jun 10 19:36:07 MDT 2021)
* Project:        hls
* Solution:       solution1 (Vivado IP Flow Target)
* Product family: zynq
* Target device:  xc7z020-clg400-1


================================================================
== Performance Estimates
================================================================
+ Timing: 
    * Summary: 
    +--------+----------+----------+------------+
    |  Clock |  Target  | Estimated| Uncertainty|
    +--------+----------+----------+------------+
    |ap_clk  |  10.00 ns|  7.256 ns|     2.70 ns|
    +--------+----------+----------+------------+

+ Latency: 
    * Summary: 
    +----------+----------+-----------+-----------+----------+----------+---------+
    |   Latency (cycles)  |   Latency (absolute)  |       Interval      | Pipeline|
    |    min   |    max   |    min    |    max    |    min   |    max   |   Type  |
    +----------+----------+-----------+-----------+----------+----------+---------+
    |  12583951|  12583951|  0.126 sec|  0.126 sec|  12583952|  12583952|       no|
    +----------+----------+-----------+-----------+----------+----------+---------+

    + Detail: 
        * Instance: 
        +---------------------------------------+----------------------------+----------+----------+-----------+-----------+----------+----------+---------+
        |                                       |                            |   Latency (cycles)  |   Latency (absolute)  |       Interval      | Pipeline|
        |                Instance               |           Module           |    min   |    max   |    min    |    max    |    min   |    max   |   Type  |
        +---------------------------------------+----------------------------+----------+----------+-----------+-----------+----------+----------+---------+
        |grp_dft_Pipeline_loop_sample_fu_580    |dft_Pipeline_loop_sample    |      1026|      1026|  10.260 us|  10.260 us|      1026|      1026|       no|
        |grp_dft_Pipeline_loop_k_loop_n_fu_728  |dft_Pipeline_loop_k_loop_n  |  12582919|  12582919|  0.126 sec|  0.126 sec|  12582919|  12582919|       no|
        +---------------------------------------+----------------------------+----------+----------+-----------+-----------+----------+----------+---------+

        * Loop: 
        N/A



================================================================
== Utilization Estimates
================================================================
* Summary: 
+-----------------+---------+-----+--------+-------+-----+
|       Name      | BRAM_18K| DSP |   FF   |  LUT  | URAM|
+-----------------+---------+-----+--------+-------+-----+
|DSP              |        -|    -|       -|      -|    -|
|Expression       |        -|    -|       0|      6|    -|
|FIFO             |        -|    -|       -|      -|    -|
|Instance         |        4|    5|     923|   1890|    -|
|Memory           |        0|    -|    8192|   1024|    0|
|Multiplexer      |        -|    -|       -|   4796|    -|
|Register         |        -|    -|       9|      -|    -|
+-----------------+---------+-----+--------+-------+-----+
|Total            |        4|    5|    9124|   7716|    0|
+-----------------+---------+-----+--------+-------+-----+
|Available        |      280|  220|  106400|  53200|    0|
+-----------------+---------+-----+--------+-------+-----+
|Utilization (%)  |        1|    2|       8|     14|    0|
+-----------------+---------+-----+--------+-------+-----+

+ Detail: 
    * Instance: 
    +---------------------------------------+----------------------------+---------+----+-----+------+-----+
    |                Instance               |           Module           | BRAM_18K| DSP|  FF |  LUT | URAM|
    +---------------------------------------+----------------------------+---------+----+-----+------+-----+
    |CTRL_s_axi_U                           |CTRL_s_axi                  |        0|   0|   36|    40|    0|
    |grp_dft_Pipeline_loop_k_loop_n_fu_728  |dft_Pipeline_loop_k_loop_n  |        4|   5|  874|  1777|    0|
    |grp_dft_Pipeline_loop_sample_fu_580    |dft_Pipeline_loop_sample    |        0|   0|   13|    73|    0|
    +---------------------------------------+----------------------------+---------+----+-----+------+-----+
    |Total                                  |                            |        4|   5|  923|  1890|    0|
    +---------------------------------------+----------------------------+---------+----+-----+------+-----+

    * DSP: 
    N/A

    * Memory: 
    +----------------+-------------+---------+----+----+-----+------+-----+------+-------------+
    |     Memory     |    Module   | BRAM_18K| FF | LUT| URAM| Words| Bits| Banks| W*Bits*Banks|
    +----------------+-------------+---------+----+----+-----+------+-----+------+-------------+
    |re_sample_0_U   |re_sample_0  |        0|  64|   8|    0|    16|   32|     1|          512|
    |re_sample_1_U   |re_sample_0  |        0|  64|   8|    0|    16|   32|     1|          512|
    |re_sample_2_U   |re_sample_0  |        0|  64|   8|    0|    16|   32|     1|          512|
    |re_sample_3_U   |re_sample_0  |        0|  64|   8|    0|    16|   32|     1|          512|
    |re_sample_4_U   |re_sample_0  |        0|  64|   8|    0|    16|   32|     1|          512|
    |re_sample_5_U   |re_sample_0  |        0|  64|   8|    0|    16|   32|     1|          512|
    |re_sample_6_U   |re_sample_0  |        0|  64|   8|    0|    16|   32|     1|          512|
    |re_sample_7_U   |re_sample_0  |        0|  64|   8|    0|    16|   32|     1|          512|
    |re_sample_8_U   |re_sample_0  |        0|  64|   8|    0|    16|   32|     1|          512|
    |re_sample_9_U   |re_sample_0  |        0|  64|   8|    0|    16|   32|     1|          512|
    |re_sample_10_U  |re_sample_0  |        0|  64|   8|    0|    16|   32|     1|          512|
    |re_sample_11_U  |re_sample_0  |        0|  64|   8|    0|    16|   32|     1|          512|
    |re_sample_12_U  |re_sample_0  |        0|  64|   8|    0|    16|   32|     1|          512|
    |re_sample_13_U  |re_sample_0  |        0|  64|   8|    0|    16|   32|     1|          512|
    |re_sample_14_U  |re_sample_0  |        0|  64|   8|    0|    16|   32|     1|          512|
    |re_sample_15_U  |re_sample_0  |        0|  64|   8|    0|    16|   32|     1|          512|
    |re_sample_16_U  |re_sample_0  |        0|  64|   8|    0|    16|   32|     1|          512|
    |re_sample_17_U  |re_sample_0  |        0|  64|   8|    0|    16|   32|     1|          512|
    |re_sample_18_U  |re_sample_0  |        0|  64|   8|    0|    16|   32|     1|          512|
    |re_sample_19_U  |re_sample_0  |        0|  64|   8|    0|    16|   32|     1|          512|
    |re_sample_20_U  |re_sample_0  |        0|  64|   8|    0|    16|   32|     1|          512|
    |re_sample_21_U  |re_sample_0  |        0|  64|   8|    0|    16|   32|     1|          512|
    |re_sample_22_U  |re_sample_0  |        0|  64|   8|    0|    16|   32|     1|          512|
    |re_sample_23_U  |re_sample_0  |        0|  64|   8|    0|    16|   32|     1|          512|
    |re_sample_24_U  |re_sample_0  |        0|  64|   8|    0|    16|   32|     1|          512|
    |re_sample_25_U  |re_sample_0  |        0|  64|   8|    0|    16|   32|     1|          512|
    |re_sample_26_U  |re_sample_0  |        0|  64|   8|    0|    16|   32|     1|          512|
    |re_sample_27_U  |re_sample_0  |        0|  64|   8|    0|    16|   32|     1|          512|
    |re_sample_28_U  |re_sample_0  |        0|  64|   8|    0|    16|   32|     1|          512|
    |re_sample_29_U  |re_sample_0  |        0|  64|   8|    0|    16|   32|     1|          512|
    |re_sample_30_U  |re_sample_0  |        0|  64|   8|    0|    16|   32|     1|          512|
    |re_sample_31_U  |re_sample_0  |        0|  64|   8|    0|    16|   32|     1|          512|
    |re_sample_32_U  |re_sample_0  |        0|  64|   8|    0|    16|   32|     1|          512|
    |re_sample_33_U  |re_sample_0  |        0|  64|   8|    0|    16|   32|     1|          512|
    |re_sample_34_U  |re_sample_0  |        0|  64|   8|    0|    16|   32|     1|          512|
    |re_sample_35_U  |re_sample_0  |        0|  64|   8|    0|    16|   32|     1|          512|
    |re_sample_36_U  |re_sample_0  |        0|  64|   8|    0|    16|   32|     1|          512|
    |re_sample_37_U  |re_sample_0  |        0|  64|   8|    0|    16|   32|     1|          512|
    |re_sample_38_U  |re_sample_0  |        0|  64|   8|    0|    16|   32|     1|          512|
    |re_sample_39_U  |re_sample_0  |        0|  64|   8|    0|    16|   32|     1|          512|
    |re_sample_40_U  |re_sample_0  |        0|  64|   8|    0|    16|   32|     1|          512|
    |re_sample_41_U  |re_sample_0  |        0|  64|   8|    0|    16|   32|     1|          512|
    |re_sample_42_U  |re_sample_0  |        0|  64|   8|    0|    16|   32|     1|          512|
    |re_sample_43_U  |re_sample_0  |        0|  64|   8|    0|    16|   32|     1|          512|
    |re_sample_44_U  |re_sample_0  |        0|  64|   8|    0|    16|   32|     1|          512|
    |re_sample_45_U  |re_sample_0  |        0|  64|   8|    0|    16|   32|     1|          512|
    |re_sample_46_U  |re_sample_0  |        0|  64|   8|    0|    16|   32|     1|          512|
    |re_sample_47_U  |re_sample_0  |        0|  64|   8|    0|    16|   32|     1|          512|
    |re_sample_48_U  |re_sample_0  |        0|  64|   8|    0|    16|   32|     1|          512|
    |re_sample_49_U  |re_sample_0  |        0|  64|   8|    0|    16|   32|     1|          512|
    |re_sample_50_U  |re_sample_0  |        0|  64|   8|    0|    16|   32|     1|          512|
    |re_sample_51_U  |re_sample_0  |        0|  64|   8|    0|    16|   32|     1|          512|
    |re_sample_52_U  |re_sample_0  |        0|  64|   8|    0|    16|   32|     1|          512|
    |re_sample_53_U  |re_sample_0  |        0|  64|   8|    0|    16|   32|     1|          512|
    |re_sample_54_U  |re_sample_0  |        0|  64|   8|    0|    16|   32|     1|          512|
    |re_sample_55_U  |re_sample_0  |        0|  64|   8|    0|    16|   32|     1|          512|
    |re_sample_56_U  |re_sample_0  |        0|  64|   8|    0|    16|   32|     1|          512|
    |re_sample_57_U  |re_sample_0  |        0|  64|   8|    0|    16|   32|     1|          512|
    |re_sample_58_U  |re_sample_0  |        0|  64|   8|    0|    16|   32|     1|          512|
    |re_sample_59_U  |re_sample_0  |        0|  64|   8|    0|    16|   32|     1|          512|
    |re_sample_60_U  |re_sample_0  |        0|  64|   8|    0|    16|   32|     1|          512|
    |re_sample_61_U  |re_sample_0  |        0|  64|   8|    0|    16|   32|     1|          512|
    |re_sample_62_U  |re_sample_0  |        0|  64|   8|    0|    16|   32|     1|          512|
    |re_sample_63_U  |re_sample_0  |        0|  64|   8|    0|    16|   32|     1|          512|
    |im_sample_0_U   |re_sample_0  |        0|  64|   8|    0|    16|   32|     1|          512|
    |im_sample_1_U   |re_sample_0  |        0|  64|   8|    0|    16|   32|     1|          512|
    |im_sample_2_U   |re_sample_0  |        0|  64|   8|    0|    16|   32|     1|          512|
    |im_sample_3_U   |re_sample_0  |        0|  64|   8|    0|    16|   32|     1|          512|
    |im_sample_4_U   |re_sample_0  |        0|  64|   8|    0|    16|   32|     1|          512|
    |im_sample_5_U   |re_sample_0  |        0|  64|   8|    0|    16|   32|     1|          512|
    |im_sample_6_U   |re_sample_0  |        0|  64|   8|    0|    16|   32|     1|          512|
    |im_sample_7_U   |re_sample_0  |        0|  64|   8|    0|    16|   32|     1|          512|
    |im_sample_8_U   |re_sample_0  |        0|  64|   8|    0|    16|   32|     1|          512|
    |im_sample_9_U   |re_sample_0  |        0|  64|   8|    0|    16|   32|     1|          512|
    |im_sample_10_U  |re_sample_0  |        0|  64|   8|    0|    16|   32|     1|          512|
    |im_sample_11_U  |re_sample_0  |        0|  64|   8|    0|    16|   32|     1|          512|
    |im_sample_12_U  |re_sample_0  |        0|  64|   8|    0|    16|   32|     1|          512|
    |im_sample_13_U  |re_sample_0  |        0|  64|   8|    0|    16|   32|     1|          512|
    |im_sample_14_U  |re_sample_0  |        0|  64|   8|    0|    16|   32|     1|          512|
    |im_sample_15_U  |re_sample_0  |        0|  64|   8|    0|    16|   32|     1|          512|
    |im_sample_16_U  |re_sample_0  |        0|  64|   8|    0|    16|   32|     1|          512|
    |im_sample_17_U  |re_sample_0  |        0|  64|   8|    0|    16|   32|     1|          512|
    |im_sample_18_U  |re_sample_0  |        0|  64|   8|    0|    16|   32|     1|          512|
    |im_sample_19_U  |re_sample_0  |        0|  64|   8|    0|    16|   32|     1|          512|
    |im_sample_20_U  |re_sample_0  |        0|  64|   8|    0|    16|   32|     1|          512|
    |im_sample_21_U  |re_sample_0  |        0|  64|   8|    0|    16|   32|     1|          512|
    |im_sample_22_U  |re_sample_0  |        0|  64|   8|    0|    16|   32|     1|          512|
    |im_sample_23_U  |re_sample_0  |        0|  64|   8|    0|    16|   32|     1|          512|
    |im_sample_24_U  |re_sample_0  |        0|  64|   8|    0|    16|   32|     1|          512|
    |im_sample_25_U  |re_sample_0  |        0|  64|   8|    0|    16|   32|     1|          512|
    |im_sample_26_U  |re_sample_0  |        0|  64|   8|    0|    16|   32|     1|          512|
    |im_sample_27_U  |re_sample_0  |        0|  64|   8|    0|    16|   32|     1|          512|
    |im_sample_28_U  |re_sample_0  |        0|  64|   8|    0|    16|   32|     1|          512|
    |im_sample_29_U  |re_sample_0  |        0|  64|   8|    0|    16|   32|     1|          512|
    |im_sample_30_U  |re_sample_0  |        0|  64|   8|    0|    16|   32|     1|          512|
    |im_sample_31_U  |re_sample_0  |        0|  64|   8|    0|    16|   32|     1|          512|
    |im_sample_32_U  |re_sample_0  |        0|  64|   8|    0|    16|   32|     1|          512|
    |im_sample_33_U  |re_sample_0  |        0|  64|   8|    0|    16|   32|     1|          512|
    |im_sample_34_U  |re_sample_0  |        0|  64|   8|    0|    16|   32|     1|          512|
    |im_sample_35_U  |re_sample_0  |        0|  64|   8|    0|    16|   32|     1|          512|
    |im_sample_36_U  |re_sample_0  |        0|  64|   8|    0|    16|   32|     1|          512|
    |im_sample_37_U  |re_sample_0  |        0|  64|   8|    0|    16|   32|     1|          512|
    |im_sample_38_U  |re_sample_0  |        0|  64|   8|    0|    16|   32|     1|          512|
    |im_sample_39_U  |re_sample_0  |        0|  64|   8|    0|    16|   32|     1|          512|
    |im_sample_40_U  |re_sample_0  |        0|  64|   8|    0|    16|   32|     1|          512|
    |im_sample_41_U  |re_sample_0  |        0|  64|   8|    0|    16|   32|     1|          512|
    |im_sample_42_U  |re_sample_0  |        0|  64|   8|    0|    16|   32|     1|          512|
    |im_sample_43_U  |re_sample_0  |        0|  64|   8|    0|    16|   32|     1|          512|
    |im_sample_44_U  |re_sample_0  |        0|  64|   8|    0|    16|   32|     1|          512|
    |im_sample_45_U  |re_sample_0  |        0|  64|   8|    0|    16|   32|     1|          512|
    |im_sample_46_U  |re_sample_0  |        0|  64|   8|    0|    16|   32|     1|          512|
    |im_sample_47_U  |re_sample_0  |        0|  64|   8|    0|    16|   32|     1|          512|
    |im_sample_48_U  |re_sample_0  |        0|  64|   8|    0|    16|   32|     1|          512|
    |im_sample_49_U  |re_sample_0  |        0|  64|   8|    0|    16|   32|     1|          512|
    |im_sample_50_U  |re_sample_0  |        0|  64|   8|    0|    16|   32|     1|          512|
    |im_sample_51_U  |re_sample_0  |        0|  64|   8|    0|    16|   32|     1|          512|
    |im_sample_52_U  |re_sample_0  |        0|  64|   8|    0|    16|   32|     1|          512|
    |im_sample_53_U  |re_sample_0  |        0|  64|   8|    0|    16|   32|     1|          512|
    |im_sample_54_U  |re_sample_0  |        0|  64|   8|    0|    16|   32|     1|          512|
    |im_sample_55_U  |re_sample_0  |        0|  64|   8|    0|    16|   32|     1|          512|
    |im_sample_56_U  |re_sample_0  |        0|  64|   8|    0|    16|   32|     1|          512|
    |im_sample_57_U  |re_sample_0  |        0|  64|   8|    0|    16|   32|     1|          512|
    |im_sample_58_U  |re_sample_0  |        0|  64|   8|    0|    16|   32|     1|          512|
    |im_sample_59_U  |re_sample_0  |        0|  64|   8|    0|    16|   32|     1|          512|
    |im_sample_60_U  |re_sample_0  |        0|  64|   8|    0|    16|   32|     1|          512|
    |im_sample_61_U  |re_sample_0  |        0|  64|   8|    0|    16|   32|     1|          512|
    |im_sample_62_U  |re_sample_0  |        0|  64|   8|    0|    16|   32|     1|          512|
    |im_sample_63_U  |re_sample_0  |        0|  64|   8|    0|    16|   32|     1|          512|
    +----------------+-------------+---------+----+----+-----+------+-----+------+-------------+
    |Total           |             |        0|8192|1024|    0|  2048| 4096|   128|        65536|
    +----------------+-------------+---------+----+----+-----+------+-----+------+-------------+

    * FIFO: 
    N/A

    * Expression: 
    +------------------------------------------------------+----------+----+---+----+------------+------------+
    |                     Variable Name                    | Operation| DSP| FF| LUT| Bitwidth P0| Bitwidth P1|
    +------------------------------------------------------+----------+----+---+----+------------+------------+
    |grp_dft_Pipeline_loop_k_loop_n_fu_728_imag_op_TREADY  |       and|   0|  0|   2|           1|           1|
    |grp_dft_Pipeline_loop_k_loop_n_fu_728_real_op_TREADY  |       and|   0|  0|   2|           1|           1|
    |ap_block_state7                                       |        or|   0|  0|   2|           1|           1|
    +------------------------------------------------------+----------+----+---+----+------------+------------+
    |Total                                                 |          |   0|  0|   6|           3|           3|
    +------------------------------------------------------+----------+----+---+----+------------+------------+

    * Multiplexer: 
    +---------------------------------+----+-----------+-----+-----------+
    |               Name              | LUT| Input Size| Bits| Total Bits|
    +---------------------------------+----+-----------+-----+-----------+
    |ap_NS_fsm                        |  42|          8|    1|          8|
    |im_sample_0_address0             |  14|          3|    4|         12|
    |im_sample_0_ce0                  |  14|          3|    1|          3|
    |im_sample_0_we0                  |   9|          2|    1|          2|
    |im_sample_10_address0            |  14|          3|    4|         12|
    |im_sample_10_ce0                 |  14|          3|    1|          3|
    |im_sample_10_we0                 |   9|          2|    1|          2|
    |im_sample_11_address0            |  14|          3|    4|         12|
    |im_sample_11_ce0                 |  14|          3|    1|          3|
    |im_sample_11_we0                 |   9|          2|    1|          2|
    |im_sample_12_address0            |  14|          3|    4|         12|
    |im_sample_12_ce0                 |  14|          3|    1|          3|
    |im_sample_12_we0                 |   9|          2|    1|          2|
    |im_sample_13_address0            |  14|          3|    4|         12|
    |im_sample_13_ce0                 |  14|          3|    1|          3|
    |im_sample_13_we0                 |   9|          2|    1|          2|
    |im_sample_14_address0            |  14|          3|    4|         12|
    |im_sample_14_ce0                 |  14|          3|    1|          3|
    |im_sample_14_we0                 |   9|          2|    1|          2|
    |im_sample_15_address0            |  14|          3|    4|         12|
    |im_sample_15_ce0                 |  14|          3|    1|          3|
    |im_sample_15_we0                 |   9|          2|    1|          2|
    |im_sample_16_address0            |  14|          3|    4|         12|
    |im_sample_16_ce0                 |  14|          3|    1|          3|
    |im_sample_16_we0                 |   9|          2|    1|          2|
    |im_sample_17_address0            |  14|          3|    4|         12|
    |im_sample_17_ce0                 |  14|          3|    1|          3|
    |im_sample_17_we0                 |   9|          2|    1|          2|
    |im_sample_18_address0            |  14|          3|    4|         12|
    |im_sample_18_ce0                 |  14|          3|    1|          3|
    |im_sample_18_we0                 |   9|          2|    1|          2|
    |im_sample_19_address0            |  14|          3|    4|         12|
    |im_sample_19_ce0                 |  14|          3|    1|          3|
    |im_sample_19_we0                 |   9|          2|    1|          2|
    |im_sample_1_address0             |  14|          3|    4|         12|
    |im_sample_1_ce0                  |  14|          3|    1|          3|
    |im_sample_1_we0                  |   9|          2|    1|          2|
    |im_sample_20_address0            |  14|          3|    4|         12|
    |im_sample_20_ce0                 |  14|          3|    1|          3|
    |im_sample_20_we0                 |   9|          2|    1|          2|
    |im_sample_21_address0            |  14|          3|    4|         12|
    |im_sample_21_ce0                 |  14|          3|    1|          3|
    |im_sample_21_we0                 |   9|          2|    1|          2|
    |im_sample_22_address0            |  14|          3|    4|         12|
    |im_sample_22_ce0                 |  14|          3|    1|          3|
    |im_sample_22_we0                 |   9|          2|    1|          2|
    |im_sample_23_address0            |  14|          3|    4|         12|
    |im_sample_23_ce0                 |  14|          3|    1|          3|
    |im_sample_23_we0                 |   9|          2|    1|          2|
    |im_sample_24_address0            |  14|          3|    4|         12|
    |im_sample_24_ce0                 |  14|          3|    1|          3|
    |im_sample_24_we0                 |   9|          2|    1|          2|
    |im_sample_25_address0            |  14|          3|    4|         12|
    |im_sample_25_ce0                 |  14|          3|    1|          3|
    |im_sample_25_we0                 |   9|          2|    1|          2|
    |im_sample_26_address0            |  14|          3|    4|         12|
    |im_sample_26_ce0                 |  14|          3|    1|          3|
    |im_sample_26_we0                 |   9|          2|    1|          2|
    |im_sample_27_address0            |  14|          3|    4|         12|
    |im_sample_27_ce0                 |  14|          3|    1|          3|
    |im_sample_27_we0                 |   9|          2|    1|          2|
    |im_sample_28_address0            |  14|          3|    4|         12|
    |im_sample_28_ce0                 |  14|          3|    1|          3|
    |im_sample_28_we0                 |   9|          2|    1|          2|
    |im_sample_29_address0            |  14|          3|    4|         12|
    |im_sample_29_ce0                 |  14|          3|    1|          3|
    |im_sample_29_we0                 |   9|          2|    1|          2|
    |im_sample_2_address0             |  14|          3|    4|         12|
    |im_sample_2_ce0                  |  14|          3|    1|          3|
    |im_sample_2_we0                  |   9|          2|    1|          2|
    |im_sample_30_address0            |  14|          3|    4|         12|
    |im_sample_30_ce0                 |  14|          3|    1|          3|
    |im_sample_30_we0                 |   9|          2|    1|          2|
    |im_sample_31_address0            |  14|          3|    4|         12|
    |im_sample_31_ce0                 |  14|          3|    1|          3|
    |im_sample_31_we0                 |   9|          2|    1|          2|
    |im_sample_32_address0            |  14|          3|    4|         12|
    |im_sample_32_ce0                 |  14|          3|    1|          3|
    |im_sample_32_we0                 |   9|          2|    1|          2|
    |im_sample_33_address0            |  14|          3|    4|         12|
    |im_sample_33_ce0                 |  14|          3|    1|          3|
    |im_sample_33_we0                 |   9|          2|    1|          2|
    |im_sample_34_address0            |  14|          3|    4|         12|
    |im_sample_34_ce0                 |  14|          3|    1|          3|
    |im_sample_34_we0                 |   9|          2|    1|          2|
    |im_sample_35_address0            |  14|          3|    4|         12|
    |im_sample_35_ce0                 |  14|          3|    1|          3|
    |im_sample_35_we0                 |   9|          2|    1|          2|
    |im_sample_36_address0            |  14|          3|    4|         12|
    |im_sample_36_ce0                 |  14|          3|    1|          3|
    |im_sample_36_we0                 |   9|          2|    1|          2|
    |im_sample_37_address0            |  14|          3|    4|         12|
    |im_sample_37_ce0                 |  14|          3|    1|          3|
    |im_sample_37_we0                 |   9|          2|    1|          2|
    |im_sample_38_address0            |  14|          3|    4|         12|
    |im_sample_38_ce0                 |  14|          3|    1|          3|
    |im_sample_38_we0                 |   9|          2|    1|          2|
    |im_sample_39_address0            |  14|          3|    4|         12|
    |im_sample_39_ce0                 |  14|          3|    1|          3|
    |im_sample_39_we0                 |   9|          2|    1|          2|
    |im_sample_3_address0             |  14|          3|    4|         12|
    |im_sample_3_ce0                  |  14|          3|    1|          3|
    |im_sample_3_we0                  |   9|          2|    1|          2|
    |im_sample_40_address0            |  14|          3|    4|         12|
    |im_sample_40_ce0                 |  14|          3|    1|          3|
    |im_sample_40_we0                 |   9|          2|    1|          2|
    |im_sample_41_address0            |  14|          3|    4|         12|
    |im_sample_41_ce0                 |  14|          3|    1|          3|
    |im_sample_41_we0                 |   9|          2|    1|          2|
    |im_sample_42_address0            |  14|          3|    4|         12|
    |im_sample_42_ce0                 |  14|          3|    1|          3|
    |im_sample_42_we0                 |   9|          2|    1|          2|
    |im_sample_43_address0            |  14|          3|    4|         12|
    |im_sample_43_ce0                 |  14|          3|    1|          3|
    |im_sample_43_we0                 |   9|          2|    1|          2|
    |im_sample_44_address0            |  14|          3|    4|         12|
    |im_sample_44_ce0                 |  14|          3|    1|          3|
    |im_sample_44_we0                 |   9|          2|    1|          2|
    |im_sample_45_address0            |  14|          3|    4|         12|
    |im_sample_45_ce0                 |  14|          3|    1|          3|
    |im_sample_45_we0                 |   9|          2|    1|          2|
    |im_sample_46_address0            |  14|          3|    4|         12|
    |im_sample_46_ce0                 |  14|          3|    1|          3|
    |im_sample_46_we0                 |   9|          2|    1|          2|
    |im_sample_47_address0            |  14|          3|    4|         12|
    |im_sample_47_ce0                 |  14|          3|    1|          3|
    |im_sample_47_we0                 |   9|          2|    1|          2|
    |im_sample_48_address0            |  14|          3|    4|         12|
    |im_sample_48_ce0                 |  14|          3|    1|          3|
    |im_sample_48_we0                 |   9|          2|    1|          2|
    |im_sample_49_address0            |  14|          3|    4|         12|
    |im_sample_49_ce0                 |  14|          3|    1|          3|
    |im_sample_49_we0                 |   9|          2|    1|          2|
    |im_sample_4_address0             |  14|          3|    4|         12|
    |im_sample_4_ce0                  |  14|          3|    1|          3|
    |im_sample_4_we0                  |   9|          2|    1|          2|
    |im_sample_50_address0            |  14|          3|    4|         12|
    |im_sample_50_ce0                 |  14|          3|    1|          3|
    |im_sample_50_we0                 |   9|          2|    1|          2|
    |im_sample_51_address0            |  14|          3|    4|         12|
    |im_sample_51_ce0                 |  14|          3|    1|          3|
    |im_sample_51_we0                 |   9|          2|    1|          2|
    |im_sample_52_address0            |  14|          3|    4|         12|
    |im_sample_52_ce0                 |  14|          3|    1|          3|
    |im_sample_52_we0                 |   9|          2|    1|          2|
    |im_sample_53_address0            |  14|          3|    4|         12|
    |im_sample_53_ce0                 |  14|          3|    1|          3|
    |im_sample_53_we0                 |   9|          2|    1|          2|
    |im_sample_54_address0            |  14|          3|    4|         12|
    |im_sample_54_ce0                 |  14|          3|    1|          3|
    |im_sample_54_we0                 |   9|          2|    1|          2|
    |im_sample_55_address0            |  14|          3|    4|         12|
    |im_sample_55_ce0                 |  14|          3|    1|          3|
    |im_sample_55_we0                 |   9|          2|    1|          2|
    |im_sample_56_address0            |  14|          3|    4|         12|
    |im_sample_56_ce0                 |  14|          3|    1|          3|
    |im_sample_56_we0                 |   9|          2|    1|          2|
    |im_sample_57_address0            |  14|          3|    4|         12|
    |im_sample_57_ce0                 |  14|          3|    1|          3|
    |im_sample_57_we0                 |   9|          2|    1|          2|
    |im_sample_58_address0            |  14|          3|    4|         12|
    |im_sample_58_ce0                 |  14|          3|    1|          3|
    |im_sample_58_we0                 |   9|          2|    1|          2|
    |im_sample_59_address0            |  14|          3|    4|         12|
    |im_sample_59_ce0                 |  14|          3|    1|          3|
    |im_sample_59_we0                 |   9|          2|    1|          2|
    |im_sample_5_address0             |  14|          3|    4|         12|
    |im_sample_5_ce0                  |  14|          3|    1|          3|
    |im_sample_5_we0                  |   9|          2|    1|          2|
    |im_sample_60_address0            |  14|          3|    4|         12|
    |im_sample_60_ce0                 |  14|          3|    1|          3|
    |im_sample_60_we0                 |   9|          2|    1|          2|
    |im_sample_61_address0            |  14|          3|    4|         12|
    |im_sample_61_ce0                 |  14|          3|    1|          3|
    |im_sample_61_we0                 |   9|          2|    1|          2|
    |im_sample_62_address0            |  14|          3|    4|         12|
    |im_sample_62_ce0                 |  14|          3|    1|          3|
    |im_sample_62_we0                 |   9|          2|    1|          2|
    |im_sample_63_address0            |  14|          3|    4|         12|
    |im_sample_63_ce0                 |  14|          3|    1|          3|
    |im_sample_63_we0                 |   9|          2|    1|          2|
    |im_sample_6_address0             |  14|          3|    4|         12|
    |im_sample_6_ce0                  |  14|          3|    1|          3|
    |im_sample_6_we0                  |   9|          2|    1|          2|
    |im_sample_7_address0             |  14|          3|    4|         12|
    |im_sample_7_ce0                  |  14|          3|    1|          3|
    |im_sample_7_we0                  |   9|          2|    1|          2|
    |im_sample_8_address0             |  14|          3|    4|         12|
    |im_sample_8_ce0                  |  14|          3|    1|          3|
    |im_sample_8_we0                  |   9|          2|    1|          2|
    |im_sample_9_address0             |  14|          3|    4|         12|
    |im_sample_9_ce0                  |  14|          3|    1|          3|
    |im_sample_9_we0                  |   9|          2|    1|          2|
    |imag_sample_TREADY_int_regslice  |   9|          2|    1|          2|
    |re_sample_0_address0             |  14|          3|    4|         12|
    |re_sample_0_ce0                  |  14|          3|    1|          3|
    |re_sample_0_we0                  |   9|          2|    1|          2|
    |re_sample_10_address0            |  14|          3|    4|         12|
    |re_sample_10_ce0                 |  14|          3|    1|          3|
    |re_sample_10_we0                 |   9|          2|    1|          2|
    |re_sample_11_address0            |  14|          3|    4|         12|
    |re_sample_11_ce0                 |  14|          3|    1|          3|
    |re_sample_11_we0                 |   9|          2|    1|          2|
    |re_sample_12_address0            |  14|          3|    4|         12|
    |re_sample_12_ce0                 |  14|          3|    1|          3|
    |re_sample_12_we0                 |   9|          2|    1|          2|
    |re_sample_13_address0            |  14|          3|    4|         12|
    |re_sample_13_ce0                 |  14|          3|    1|          3|
    |re_sample_13_we0                 |   9|          2|    1|          2|
    |re_sample_14_address0            |  14|          3|    4|         12|
    |re_sample_14_ce0                 |  14|          3|    1|          3|
    |re_sample_14_we0                 |   9|          2|    1|          2|
    |re_sample_15_address0            |  14|          3|    4|         12|
    |re_sample_15_ce0                 |  14|          3|    1|          3|
    |re_sample_15_we0                 |   9|          2|    1|          2|
    |re_sample_16_address0            |  14|          3|    4|         12|
    |re_sample_16_ce0                 |  14|          3|    1|          3|
    |re_sample_16_we0                 |   9|          2|    1|          2|
    |re_sample_17_address0            |  14|          3|    4|         12|
    |re_sample_17_ce0                 |  14|          3|    1|          3|
    |re_sample_17_we0                 |   9|          2|    1|          2|
    |re_sample_18_address0            |  14|          3|    4|         12|
    |re_sample_18_ce0                 |  14|          3|    1|          3|
    |re_sample_18_we0                 |   9|          2|    1|          2|
    |re_sample_19_address0            |  14|          3|    4|         12|
    |re_sample_19_ce0                 |  14|          3|    1|          3|
    |re_sample_19_we0                 |   9|          2|    1|          2|
    |re_sample_1_address0             |  14|          3|    4|         12|
    |re_sample_1_ce0                  |  14|          3|    1|          3|
    |re_sample_1_we0                  |   9|          2|    1|          2|
    |re_sample_20_address0            |  14|          3|    4|         12|
    |re_sample_20_ce0                 |  14|          3|    1|          3|
    |re_sample_20_we0                 |   9|          2|    1|          2|
    |re_sample_21_address0            |  14|          3|    4|         12|
    |re_sample_21_ce0                 |  14|          3|    1|          3|
    |re_sample_21_we0                 |   9|          2|    1|          2|
    |re_sample_22_address0            |  14|          3|    4|         12|
    |re_sample_22_ce0                 |  14|          3|    1|          3|
    |re_sample_22_we0                 |   9|          2|    1|          2|
    |re_sample_23_address0            |  14|          3|    4|         12|
    |re_sample_23_ce0                 |  14|          3|    1|          3|
    |re_sample_23_we0                 |   9|          2|    1|          2|
    |re_sample_24_address0            |  14|          3|    4|         12|
    |re_sample_24_ce0                 |  14|          3|    1|          3|
    |re_sample_24_we0                 |   9|          2|    1|          2|
    |re_sample_25_address0            |  14|          3|    4|         12|
    |re_sample_25_ce0                 |  14|          3|    1|          3|
    |re_sample_25_we0                 |   9|          2|    1|          2|
    |re_sample_26_address0            |  14|          3|    4|         12|
    |re_sample_26_ce0                 |  14|          3|    1|          3|
    |re_sample_26_we0                 |   9|          2|    1|          2|
    |re_sample_27_address0            |  14|          3|    4|         12|
    |re_sample_27_ce0                 |  14|          3|    1|          3|
    |re_sample_27_we0                 |   9|          2|    1|          2|
    |re_sample_28_address0            |  14|          3|    4|         12|
    |re_sample_28_ce0                 |  14|          3|    1|          3|
    |re_sample_28_we0                 |   9|          2|    1|          2|
    |re_sample_29_address0            |  14|          3|    4|         12|
    |re_sample_29_ce0                 |  14|          3|    1|          3|
    |re_sample_29_we0                 |   9|          2|    1|          2|
    |re_sample_2_address0             |  14|          3|    4|         12|
    |re_sample_2_ce0                  |  14|          3|    1|          3|
    |re_sample_2_we0                  |   9|          2|    1|          2|
    |re_sample_30_address0            |  14|          3|    4|         12|
    |re_sample_30_ce0                 |  14|          3|    1|          3|
    |re_sample_30_we0                 |   9|          2|    1|          2|
    |re_sample_31_address0            |  14|          3|    4|         12|
    |re_sample_31_ce0                 |  14|          3|    1|          3|
    |re_sample_31_we0                 |   9|          2|    1|          2|
    |re_sample_32_address0            |  14|          3|    4|         12|
    |re_sample_32_ce0                 |  14|          3|    1|          3|
    |re_sample_32_we0                 |   9|          2|    1|          2|
    |re_sample_33_address0            |  14|          3|    4|         12|
    |re_sample_33_ce0                 |  14|          3|    1|          3|
    |re_sample_33_we0                 |   9|          2|    1|          2|
    |re_sample_34_address0            |  14|          3|    4|         12|
    |re_sample_34_ce0                 |  14|          3|    1|          3|
    |re_sample_34_we0                 |   9|          2|    1|          2|
    |re_sample_35_address0            |  14|          3|    4|         12|
    |re_sample_35_ce0                 |  14|          3|    1|          3|
    |re_sample_35_we0                 |   9|          2|    1|          2|
    |re_sample_36_address0            |  14|          3|    4|         12|
    |re_sample_36_ce0                 |  14|          3|    1|          3|
    |re_sample_36_we0                 |   9|          2|    1|          2|
    |re_sample_37_address0            |  14|          3|    4|         12|
    |re_sample_37_ce0                 |  14|          3|    1|          3|
    |re_sample_37_we0                 |   9|          2|    1|          2|
    |re_sample_38_address0            |  14|          3|    4|         12|
    |re_sample_38_ce0                 |  14|          3|    1|          3|
    |re_sample_38_we0                 |   9|          2|    1|          2|
    |re_sample_39_address0            |  14|          3|    4|         12|
    |re_sample_39_ce0                 |  14|          3|    1|          3|
    |re_sample_39_we0                 |   9|          2|    1|          2|
    |re_sample_3_address0             |  14|          3|    4|         12|
    |re_sample_3_ce0                  |  14|          3|    1|          3|
    |re_sample_3_we0                  |   9|          2|    1|          2|
    |re_sample_40_address0            |  14|          3|    4|         12|
    |re_sample_40_ce0                 |  14|          3|    1|          3|
    |re_sample_40_we0                 |   9|          2|    1|          2|
    |re_sample_41_address0            |  14|          3|    4|         12|
    |re_sample_41_ce0                 |  14|          3|    1|          3|
    |re_sample_41_we0                 |   9|          2|    1|          2|
    |re_sample_42_address0            |  14|          3|    4|         12|
    |re_sample_42_ce0                 |  14|          3|    1|          3|
    |re_sample_42_we0                 |   9|          2|    1|          2|
    |re_sample_43_address0            |  14|          3|    4|         12|
    |re_sample_43_ce0                 |  14|          3|    1|          3|
    |re_sample_43_we0                 |   9|          2|    1|          2|
    |re_sample_44_address0            |  14|          3|    4|         12|
    |re_sample_44_ce0                 |  14|          3|    1|          3|
    |re_sample_44_we0                 |   9|          2|    1|          2|
    |re_sample_45_address0            |  14|          3|    4|         12|
    |re_sample_45_ce0                 |  14|          3|    1|          3|
    |re_sample_45_we0                 |   9|          2|    1|          2|
    |re_sample_46_address0            |  14|          3|    4|         12|
    |re_sample_46_ce0                 |  14|          3|    1|          3|
    |re_sample_46_we0                 |   9|          2|    1|          2|
    |re_sample_47_address0            |  14|          3|    4|         12|
    |re_sample_47_ce0                 |  14|          3|    1|          3|
    |re_sample_47_we0                 |   9|          2|    1|          2|
    |re_sample_48_address0            |  14|          3|    4|         12|
    |re_sample_48_ce0                 |  14|          3|    1|          3|
    |re_sample_48_we0                 |   9|          2|    1|          2|
    |re_sample_49_address0            |  14|          3|    4|         12|
    |re_sample_49_ce0                 |  14|          3|    1|          3|
    |re_sample_49_we0                 |   9|          2|    1|          2|
    |re_sample_4_address0             |  14|          3|    4|         12|
    |re_sample_4_ce0                  |  14|          3|    1|          3|
    |re_sample_4_we0                  |   9|          2|    1|          2|
    |re_sample_50_address0            |  14|          3|    4|         12|
    |re_sample_50_ce0                 |  14|          3|    1|          3|
    |re_sample_50_we0                 |   9|          2|    1|          2|
    |re_sample_51_address0            |  14|          3|    4|         12|
    |re_sample_51_ce0                 |  14|          3|    1|          3|
    |re_sample_51_we0                 |   9|          2|    1|          2|
    |re_sample_52_address0            |  14|          3|    4|         12|
    |re_sample_52_ce0                 |  14|          3|    1|          3|
    |re_sample_52_we0                 |   9|          2|    1|          2|
    |re_sample_53_address0            |  14|          3|    4|         12|
    |re_sample_53_ce0                 |  14|          3|    1|          3|
    |re_sample_53_we0                 |   9|          2|    1|          2|
    |re_sample_54_address0            |  14|          3|    4|         12|
    |re_sample_54_ce0                 |  14|          3|    1|          3|
    |re_sample_54_we0                 |   9|          2|    1|          2|
    |re_sample_55_address0            |  14|          3|    4|         12|
    |re_sample_55_ce0                 |  14|          3|    1|          3|
    |re_sample_55_we0                 |   9|          2|    1|          2|
    |re_sample_56_address0            |  14|          3|    4|         12|
    |re_sample_56_ce0                 |  14|          3|    1|          3|
    |re_sample_56_we0                 |   9|          2|    1|          2|
    |re_sample_57_address0            |  14|          3|    4|         12|
    |re_sample_57_ce0                 |  14|          3|    1|          3|
    |re_sample_57_we0                 |   9|          2|    1|          2|
    |re_sample_58_address0            |  14|          3|    4|         12|
    |re_sample_58_ce0                 |  14|          3|    1|          3|
    |re_sample_58_we0                 |   9|          2|    1|          2|
    |re_sample_59_address0            |  14|          3|    4|         12|
    |re_sample_59_ce0                 |  14|          3|    1|          3|
    |re_sample_59_we0                 |   9|          2|    1|          2|
    |re_sample_5_address0             |  14|          3|    4|         12|
    |re_sample_5_ce0                  |  14|          3|    1|          3|
    |re_sample_5_we0                  |   9|          2|    1|          2|
    |re_sample_60_address0            |  14|          3|    4|         12|
    |re_sample_60_ce0                 |  14|          3|    1|          3|
    |re_sample_60_we0                 |   9|          2|    1|          2|
    |re_sample_61_address0            |  14|          3|    4|         12|
    |re_sample_61_ce0                 |  14|          3|    1|          3|
    |re_sample_61_we0                 |   9|          2|    1|          2|
    |re_sample_62_address0            |  14|          3|    4|         12|
    |re_sample_62_ce0                 |  14|          3|    1|          3|
    |re_sample_62_we0                 |   9|          2|    1|          2|
    |re_sample_63_address0            |  14|          3|    4|         12|
    |re_sample_63_ce0                 |  14|          3|    1|          3|
    |re_sample_63_we0                 |   9|          2|    1|          2|
    |re_sample_6_address0             |  14|          3|    4|         12|
    |re_sample_6_ce0                  |  14|          3|    1|          3|
    |re_sample_6_we0                  |   9|          2|    1|          2|
    |re_sample_7_address0             |  14|          3|    4|         12|
    |re_sample_7_ce0                  |  14|          3|    1|          3|
    |re_sample_7_we0                  |   9|          2|    1|          2|
    |re_sample_8_address0             |  14|          3|    4|         12|
    |re_sample_8_ce0                  |  14|          3|    1|          3|
    |re_sample_8_we0                  |   9|          2|    1|          2|
    |re_sample_9_address0             |  14|          3|    4|         12|
    |re_sample_9_ce0                  |  14|          3|    1|          3|
    |re_sample_9_we0                  |   9|          2|    1|          2|
    |real_sample_TREADY_int_regslice  |   9|          2|    1|          2|
    +---------------------------------+----+-----------+-----+-----------+
    |Total                            |4796|       1036|  771|       2188|
    +---------------------------------+----+-----------+-----+-----------+

    * Register: 
    +----------------------------------------------------+---+----+-----+-----------+
    |                        Name                        | FF| LUT| Bits| Const Bits|
    +----------------------------------------------------+---+----+-----+-----------+
    |ap_CS_fsm                                           |  7|   0|    7|          0|
    |grp_dft_Pipeline_loop_k_loop_n_fu_728_ap_start_reg  |  1|   0|    1|          0|
    |grp_dft_Pipeline_loop_sample_fu_580_ap_start_reg    |  1|   0|    1|          0|
    +----------------------------------------------------+---+----+-----+-----------+
    |Total                                               |  9|   0|    9|          0|
    +----------------------------------------------------+---+----+-----+-----------+



================================================================
== Interface
================================================================
* Summary: 
+--------------------+-----+-----+------------+----------------------+--------------+
|      RTL Ports     | Dir | Bits|  Protocol  |     Source Object    |    C Type    |
+--------------------+-----+-----+------------+----------------------+--------------+
|s_axi_CTRL_AWVALID  |   in|    1|       s_axi|                  CTRL|   return void|
|s_axi_CTRL_AWREADY  |  out|    1|       s_axi|                  CTRL|   return void|
|s_axi_CTRL_AWADDR   |   in|    4|       s_axi|                  CTRL|   return void|
|s_axi_CTRL_WVALID   |   in|    1|       s_axi|                  CTRL|   return void|
|s_axi_CTRL_WREADY   |  out|    1|       s_axi|                  CTRL|   return void|
|s_axi_CTRL_WDATA    |   in|   32|       s_axi|                  CTRL|   return void|
|s_axi_CTRL_WSTRB    |   in|    4|       s_axi|                  CTRL|   return void|
|s_axi_CTRL_ARVALID  |   in|    1|       s_axi|                  CTRL|   return void|
|s_axi_CTRL_ARREADY  |  out|    1|       s_axi|                  CTRL|   return void|
|s_axi_CTRL_ARADDR   |   in|    4|       s_axi|                  CTRL|   return void|
|s_axi_CTRL_RVALID   |  out|    1|       s_axi|                  CTRL|   return void|
|s_axi_CTRL_RREADY   |   in|    1|       s_axi|                  CTRL|   return void|
|s_axi_CTRL_RDATA    |  out|   32|       s_axi|                  CTRL|   return void|
|s_axi_CTRL_RRESP    |  out|    2|       s_axi|                  CTRL|   return void|
|s_axi_CTRL_BVALID   |  out|    1|       s_axi|                  CTRL|   return void|
|s_axi_CTRL_BREADY   |   in|    1|       s_axi|                  CTRL|   return void|
|s_axi_CTRL_BRESP    |  out|    2|       s_axi|                  CTRL|   return void|
|ap_clk              |   in|    1|  ap_ctrl_hs|                   dft|  return value|
|ap_rst_n            |   in|    1|  ap_ctrl_hs|                   dft|  return value|
|interrupt           |  out|    1|  ap_ctrl_hs|                   dft|  return value|
|real_sample_TDATA   |   in|   32|        axis|  real_sample_V_data_V|       pointer|
|real_sample_TVALID  |   in|    1|        axis|  real_sample_V_last_V|       pointer|
|real_sample_TREADY  |  out|    1|        axis|  real_sample_V_last_V|       pointer|
|real_sample_TLAST   |   in|    1|        axis|  real_sample_V_last_V|       pointer|
|real_sample_TKEEP   |   in|    4|        axis|  real_sample_V_keep_V|       pointer|
|real_sample_TSTRB   |   in|    4|        axis|  real_sample_V_strb_V|       pointer|
|imag_sample_TDATA   |   in|   32|        axis|  imag_sample_V_data_V|       pointer|
|imag_sample_TVALID  |   in|    1|        axis|  imag_sample_V_last_V|       pointer|
|imag_sample_TREADY  |  out|    1|        axis|  imag_sample_V_last_V|       pointer|
|imag_sample_TLAST   |   in|    1|        axis|  imag_sample_V_last_V|       pointer|
|imag_sample_TKEEP   |   in|    4|        axis|  imag_sample_V_keep_V|       pointer|
|imag_sample_TSTRB   |   in|    4|        axis|  imag_sample_V_strb_V|       pointer|
|real_op_TDATA       |  out|   32|        axis|      real_op_V_data_V|       pointer|
|real_op_TVALID      |  out|    1|        axis|      real_op_V_last_V|       pointer|
|real_op_TREADY      |   in|    1|        axis|      real_op_V_last_V|       pointer|
|real_op_TLAST       |  out|    1|        axis|      real_op_V_last_V|       pointer|
|real_op_TKEEP       |  out|    4|        axis|      real_op_V_keep_V|       pointer|
|real_op_TSTRB       |  out|    4|        axis|      real_op_V_strb_V|       pointer|
|imag_op_TDATA       |  out|   32|        axis|      imag_op_V_data_V|       pointer|
|imag_op_TVALID      |  out|    1|        axis|      imag_op_V_last_V|       pointer|
|imag_op_TREADY      |   in|    1|        axis|      imag_op_V_last_V|       pointer|
|imag_op_TLAST       |  out|    1|        axis|      imag_op_V_last_V|       pointer|
|imag_op_TKEEP       |  out|    4|        axis|      imag_op_V_keep_V|       pointer|
|imag_op_TSTRB       |  out|    4|        axis|      imag_op_V_strb_V|       pointer|
+--------------------+-----+-----+------------+----------------------+--------------+

