

================================================================
== Vitis HLS Report for 'dft_Pipeline_1'
================================================================
* Date:           Tue Sep 28 09:17:30 2021

* Version:        2021.1 (Build 3247384 on Thu Jun 10 19:36:07 MDT 2021)
* Project:        hls
* Solution:       solution1 (Vivado IP Flow Target)
* Product family: zynq
* Target device:  xc7z020-clg400-1


================================================================
== Performance Estimates
================================================================
+ Timing: 
    * Summary: 
    +--------+----------+----------+------------+
    |  Clock |  Target  | Estimated| Uncertainty|
    +--------+----------+----------+------------+
    |ap_clk  |  10.00 ns|  7.300 ns|     2.70 ns|
    +--------+----------+----------+------------+

+ Latency: 
    * Summary: 
    +---------+---------+-----------+-----------+------+------+---------+
    |  Latency (cycles) |   Latency (absolute)  |   Interval  | Pipeline|
    |   min   |   max   |    min    |    max    |  min |  max |   Type  |
    +---------+---------+-----------+-----------+------+------+---------+
    |     1027|     1027|  10.270 us|  10.270 us|  1027|  1027|       no|
    +---------+---------+-----------+-----------+------+------+---------+

    + Detail: 
        * Instance: 
        N/A

        * Loop: 
        +----------+---------+---------+----------+-----------+-----------+------+----------+
        |          |  Latency (cycles) | Iteration|  Initiation Interval  | Trip |          |
        | Loop Name|   min   |   max   |  Latency |  achieved |   target  | Count| Pipelined|
        +----------+---------+---------+----------+-----------+-----------+------+----------+
        |- Loop 1  |     1025|     1025|         3|          1|          1|  1024|       yes|
        +----------+---------+---------+----------+-----------+-----------+------+----------+



================================================================
== Utilization Estimates
================================================================
* Summary: 
+-----------------+---------+-----+--------+-------+-----+
|       Name      | BRAM_18K| DSP |   FF   |  LUT  | URAM|
+-----------------+---------+-----+--------+-------+-----+
|DSP              |        -|    -|       -|      -|    -|
|Expression       |        -|    -|       0|     30|    -|
|FIFO             |        -|    -|       -|      -|    -|
|Instance         |        -|    -|       -|      -|    -|
|Memory           |        -|    -|       -|      -|    -|
|Multiplexer      |        -|    -|       -|     45|    -|
|Register         |        -|    -|      69|      -|    -|
+-----------------+---------+-----+--------+-------+-----+
|Total            |        0|    0|      69|     75|    0|
+-----------------+---------+-----+--------+-------+-----+
|Available        |      280|  220|  106400|  53200|    0|
+-----------------+---------+-----+--------+-------+-----+
|Utilization (%)  |        0|    0|      ~0|     ~0|    0|
+-----------------+---------+-----+--------+-------+-----+

+ Detail: 
    * Instance: 
    N/A

    * DSP: 
    N/A

    * Memory: 
    N/A

    * FIFO: 
    N/A

    * Expression: 
    +----------------------------------+----------+----+---+----+------------+------------+
    |           Variable Name          | Operation| DSP| FF| LUT| Bitwidth P0| Bitwidth P1|
    +----------------------------------+----------+----+---+----+------------+------------+
    |empty_32_fu_2257_p2               |         +|   0|  0|  12|          11|           1|
    |ap_block_pp0_stage0_11001         |       and|   0|  0|   2|           1|           1|
    |ap_block_state2_pp0_stage0_iter1  |       and|   0|  0|   2|           1|           1|
    |exitcond2511_fu_2251_p2           |      icmp|   0|  0|  12|          11|          12|
    |ap_enable_pp0                     |       xor|   0|  0|   2|           1|           2|
    +----------------------------------+----------+----+---+----+------------+------------+
    |Total                             |          |   0|  0|  30|          25|          17|
    +----------------------------------+----------+----+---+----+------------+------------+

    * Multiplexer: 
    +------------------------------------+----+-----------+-----+-----------+
    |                Name                | LUT| Input Size| Bits| Total Bits|
    +------------------------------------+----+-----------+-----+-----------+
    |ap_done_int                         |   9|          2|    1|          2|
    |ap_enable_reg_pp0_iter2             |   9|          2|    1|          2|
    |ap_sig_allocacmp_loop_index15_load  |   9|          2|   11|         22|
    |input_re_r_blk_n_R                  |   9|          2|    1|          2|
    |loop_index15_fu_560                 |   9|          2|   11|         22|
    +------------------------------------+----+-----------+-----+-----------+
    |Total                               |  45|         10|   25|         50|
    +------------------------------------+----+-----------+-----+-----------+

    * Register: 
    +----------------------------------+----+----+-----+-----------+
    |               Name               | FF | LUT| Bits| Const Bits|
    +----------------------------------+----+----+-----+-----------+
    |ap_CS_fsm                         |   1|   0|    1|          0|
    |ap_done_reg                       |   1|   0|    1|          0|
    |ap_enable_reg_pp0_iter1           |   1|   0|    1|          0|
    |ap_enable_reg_pp0_iter2           |   1|   0|    1|          0|
    |ap_loop_exit_ready_pp0_iter1_reg  |   1|   0|    1|          0|
    |empty_33_reg_2448                 |  32|   0|   32|          0|
    |empty_34_reg_2439                 |   7|   0|    7|          0|
    |empty_34_reg_2439_pp0_iter1_reg   |   7|   0|    7|          0|
    |exitcond2511_reg_2435             |   1|   0|    1|          0|
    |loop_index15_fu_560               |  11|   0|   11|          0|
    |newIndex_reg_2443                 |   3|   0|    3|          0|
    |newIndex_reg_2443_pp0_iter1_reg   |   3|   0|    3|          0|
    +----------------------------------+----+----+-----+-----------+
    |Total                             |  69|   0|   69|          0|
    +----------------------------------+----+----+-----+-----------+



================================================================
== Interface
================================================================
* Summary: 
+---------------------------+-----+-----+------------+----------------+--------------+
|         RTL Ports         | Dir | Bits|  Protocol  |  Source Object |    C Type    |
+---------------------------+-----+-----+------------+----------------+--------------+
|ap_clk                     |   in|    1|  ap_ctrl_hs|  dft_Pipeline_1|  return value|
|ap_rst                     |   in|    1|  ap_ctrl_hs|  dft_Pipeline_1|  return value|
|ap_start                   |   in|    1|  ap_ctrl_hs|  dft_Pipeline_1|  return value|
|ap_done                    |  out|    1|  ap_ctrl_hs|  dft_Pipeline_1|  return value|
|ap_idle                    |  out|    1|  ap_ctrl_hs|  dft_Pipeline_1|  return value|
|ap_ready                   |  out|    1|  ap_ctrl_hs|  dft_Pipeline_1|  return value|
|m_axi_input_re_r_AWVALID   |  out|    1|       m_axi|      input_re_r|       pointer|
|m_axi_input_re_r_AWREADY   |   in|    1|       m_axi|      input_re_r|       pointer|
|m_axi_input_re_r_AWADDR    |  out|   64|       m_axi|      input_re_r|       pointer|
|m_axi_input_re_r_AWID      |  out|    1|       m_axi|      input_re_r|       pointer|
|m_axi_input_re_r_AWLEN     |  out|   32|       m_axi|      input_re_r|       pointer|
|m_axi_input_re_r_AWSIZE    |  out|    3|       m_axi|      input_re_r|       pointer|
|m_axi_input_re_r_AWBURST   |  out|    2|       m_axi|      input_re_r|       pointer|
|m_axi_input_re_r_AWLOCK    |  out|    2|       m_axi|      input_re_r|       pointer|
|m_axi_input_re_r_AWCACHE   |  out|    4|       m_axi|      input_re_r|       pointer|
|m_axi_input_re_r_AWPROT    |  out|    3|       m_axi|      input_re_r|       pointer|
|m_axi_input_re_r_AWQOS     |  out|    4|       m_axi|      input_re_r|       pointer|
|m_axi_input_re_r_AWREGION  |  out|    4|       m_axi|      input_re_r|       pointer|
|m_axi_input_re_r_AWUSER    |  out|    1|       m_axi|      input_re_r|       pointer|
|m_axi_input_re_r_WVALID    |  out|    1|       m_axi|      input_re_r|       pointer|
|m_axi_input_re_r_WREADY    |   in|    1|       m_axi|      input_re_r|       pointer|
|m_axi_input_re_r_WDATA     |  out|   32|       m_axi|      input_re_r|       pointer|
|m_axi_input_re_r_WSTRB     |  out|    4|       m_axi|      input_re_r|       pointer|
|m_axi_input_re_r_WLAST     |  out|    1|       m_axi|      input_re_r|       pointer|
|m_axi_input_re_r_WID       |  out|    1|       m_axi|      input_re_r|       pointer|
|m_axi_input_re_r_WUSER     |  out|    1|       m_axi|      input_re_r|       pointer|
|m_axi_input_re_r_ARVALID   |  out|    1|       m_axi|      input_re_r|       pointer|
|m_axi_input_re_r_ARREADY   |   in|    1|       m_axi|      input_re_r|       pointer|
|m_axi_input_re_r_ARADDR    |  out|   64|       m_axi|      input_re_r|       pointer|
|m_axi_input_re_r_ARID      |  out|    1|       m_axi|      input_re_r|       pointer|
|m_axi_input_re_r_ARLEN     |  out|   32|       m_axi|      input_re_r|       pointer|
|m_axi_input_re_r_ARSIZE    |  out|    3|       m_axi|      input_re_r|       pointer|
|m_axi_input_re_r_ARBURST   |  out|    2|       m_axi|      input_re_r|       pointer|
|m_axi_input_re_r_ARLOCK    |  out|    2|       m_axi|      input_re_r|       pointer|
|m_axi_input_re_r_ARCACHE   |  out|    4|       m_axi|      input_re_r|       pointer|
|m_axi_input_re_r_ARPROT    |  out|    3|       m_axi|      input_re_r|       pointer|
|m_axi_input_re_r_ARQOS     |  out|    4|       m_axi|      input_re_r|       pointer|
|m_axi_input_re_r_ARREGION  |  out|    4|       m_axi|      input_re_r|       pointer|
|m_axi_input_re_r_ARUSER    |  out|    1|       m_axi|      input_re_r|       pointer|
|m_axi_input_re_r_RVALID    |   in|    1|       m_axi|      input_re_r|       pointer|
|m_axi_input_re_r_RREADY    |  out|    1|       m_axi|      input_re_r|       pointer|
|m_axi_input_re_r_RDATA     |   in|   32|       m_axi|      input_re_r|       pointer|
|m_axi_input_re_r_RLAST     |   in|    1|       m_axi|      input_re_r|       pointer|
|m_axi_input_re_r_RID       |   in|    1|       m_axi|      input_re_r|       pointer|
|m_axi_input_re_r_RUSER     |   in|    1|       m_axi|      input_re_r|       pointer|
|m_axi_input_re_r_RRESP     |   in|    2|       m_axi|      input_re_r|       pointer|
|m_axi_input_re_r_BVALID    |   in|    1|       m_axi|      input_re_r|       pointer|
|m_axi_input_re_r_BREADY    |  out|    1|       m_axi|      input_re_r|       pointer|
|m_axi_input_re_r_BRESP     |   in|    2|       m_axi|      input_re_r|       pointer|
|m_axi_input_re_r_BID       |   in|    1|       m_axi|      input_re_r|       pointer|
|m_axi_input_re_r_BUSER     |   in|    1|       m_axi|      input_re_r|       pointer|
|sext_ln35                  |   in|   62|     ap_none|       sext_ln35|        scalar|
|re_sample_0_address0       |  out|    3|   ap_memory|     re_sample_0|         array|
|re_sample_0_ce0            |  out|    1|   ap_memory|     re_sample_0|         array|
|re_sample_0_we0            |  out|    1|   ap_memory|     re_sample_0|         array|
|re_sample_0_d0             |  out|   32|   ap_memory|     re_sample_0|         array|
|re_sample_1_address0       |  out|    3|   ap_memory|     re_sample_1|         array|
|re_sample_1_ce0            |  out|    1|   ap_memory|     re_sample_1|         array|
|re_sample_1_we0            |  out|    1|   ap_memory|     re_sample_1|         array|
|re_sample_1_d0             |  out|   32|   ap_memory|     re_sample_1|         array|
|re_sample_2_address0       |  out|    3|   ap_memory|     re_sample_2|         array|
|re_sample_2_ce0            |  out|    1|   ap_memory|     re_sample_2|         array|
|re_sample_2_we0            |  out|    1|   ap_memory|     re_sample_2|         array|
|re_sample_2_d0             |  out|   32|   ap_memory|     re_sample_2|         array|
|re_sample_3_address0       |  out|    3|   ap_memory|     re_sample_3|         array|
|re_sample_3_ce0            |  out|    1|   ap_memory|     re_sample_3|         array|
|re_sample_3_we0            |  out|    1|   ap_memory|     re_sample_3|         array|
|re_sample_3_d0             |  out|   32|   ap_memory|     re_sample_3|         array|
|re_sample_4_address0       |  out|    3|   ap_memory|     re_sample_4|         array|
|re_sample_4_ce0            |  out|    1|   ap_memory|     re_sample_4|         array|
|re_sample_4_we0            |  out|    1|   ap_memory|     re_sample_4|         array|
|re_sample_4_d0             |  out|   32|   ap_memory|     re_sample_4|         array|
|re_sample_5_address0       |  out|    3|   ap_memory|     re_sample_5|         array|
|re_sample_5_ce0            |  out|    1|   ap_memory|     re_sample_5|         array|
|re_sample_5_we0            |  out|    1|   ap_memory|     re_sample_5|         array|
|re_sample_5_d0             |  out|   32|   ap_memory|     re_sample_5|         array|
|re_sample_6_address0       |  out|    3|   ap_memory|     re_sample_6|         array|
|re_sample_6_ce0            |  out|    1|   ap_memory|     re_sample_6|         array|
|re_sample_6_we0            |  out|    1|   ap_memory|     re_sample_6|         array|
|re_sample_6_d0             |  out|   32|   ap_memory|     re_sample_6|         array|
|re_sample_7_address0       |  out|    3|   ap_memory|     re_sample_7|         array|
|re_sample_7_ce0            |  out|    1|   ap_memory|     re_sample_7|         array|
|re_sample_7_we0            |  out|    1|   ap_memory|     re_sample_7|         array|
|re_sample_7_d0             |  out|   32|   ap_memory|     re_sample_7|         array|
|re_sample_8_address0       |  out|    3|   ap_memory|     re_sample_8|         array|
|re_sample_8_ce0            |  out|    1|   ap_memory|     re_sample_8|         array|
|re_sample_8_we0            |  out|    1|   ap_memory|     re_sample_8|         array|
|re_sample_8_d0             |  out|   32|   ap_memory|     re_sample_8|         array|
|re_sample_9_address0       |  out|    3|   ap_memory|     re_sample_9|         array|
|re_sample_9_ce0            |  out|    1|   ap_memory|     re_sample_9|         array|
|re_sample_9_we0            |  out|    1|   ap_memory|     re_sample_9|         array|
|re_sample_9_d0             |  out|   32|   ap_memory|     re_sample_9|         array|
|re_sample_10_address0      |  out|    3|   ap_memory|    re_sample_10|         array|
|re_sample_10_ce0           |  out|    1|   ap_memory|    re_sample_10|         array|
|re_sample_10_we0           |  out|    1|   ap_memory|    re_sample_10|         array|
|re_sample_10_d0            |  out|   32|   ap_memory|    re_sample_10|         array|
|re_sample_11_address0      |  out|    3|   ap_memory|    re_sample_11|         array|
|re_sample_11_ce0           |  out|    1|   ap_memory|    re_sample_11|         array|
|re_sample_11_we0           |  out|    1|   ap_memory|    re_sample_11|         array|
|re_sample_11_d0            |  out|   32|   ap_memory|    re_sample_11|         array|
|re_sample_12_address0      |  out|    3|   ap_memory|    re_sample_12|         array|
|re_sample_12_ce0           |  out|    1|   ap_memory|    re_sample_12|         array|
|re_sample_12_we0           |  out|    1|   ap_memory|    re_sample_12|         array|
|re_sample_12_d0            |  out|   32|   ap_memory|    re_sample_12|         array|
|re_sample_13_address0      |  out|    3|   ap_memory|    re_sample_13|         array|
|re_sample_13_ce0           |  out|    1|   ap_memory|    re_sample_13|         array|
|re_sample_13_we0           |  out|    1|   ap_memory|    re_sample_13|         array|
|re_sample_13_d0            |  out|   32|   ap_memory|    re_sample_13|         array|
|re_sample_14_address0      |  out|    3|   ap_memory|    re_sample_14|         array|
|re_sample_14_ce0           |  out|    1|   ap_memory|    re_sample_14|         array|
|re_sample_14_we0           |  out|    1|   ap_memory|    re_sample_14|         array|
|re_sample_14_d0            |  out|   32|   ap_memory|    re_sample_14|         array|
|re_sample_15_address0      |  out|    3|   ap_memory|    re_sample_15|         array|
|re_sample_15_ce0           |  out|    1|   ap_memory|    re_sample_15|         array|
|re_sample_15_we0           |  out|    1|   ap_memory|    re_sample_15|         array|
|re_sample_15_d0            |  out|   32|   ap_memory|    re_sample_15|         array|
|re_sample_16_address0      |  out|    3|   ap_memory|    re_sample_16|         array|
|re_sample_16_ce0           |  out|    1|   ap_memory|    re_sample_16|         array|
|re_sample_16_we0           |  out|    1|   ap_memory|    re_sample_16|         array|
|re_sample_16_d0            |  out|   32|   ap_memory|    re_sample_16|         array|
|re_sample_17_address0      |  out|    3|   ap_memory|    re_sample_17|         array|
|re_sample_17_ce0           |  out|    1|   ap_memory|    re_sample_17|         array|
|re_sample_17_we0           |  out|    1|   ap_memory|    re_sample_17|         array|
|re_sample_17_d0            |  out|   32|   ap_memory|    re_sample_17|         array|
|re_sample_18_address0      |  out|    3|   ap_memory|    re_sample_18|         array|
|re_sample_18_ce0           |  out|    1|   ap_memory|    re_sample_18|         array|
|re_sample_18_we0           |  out|    1|   ap_memory|    re_sample_18|         array|
|re_sample_18_d0            |  out|   32|   ap_memory|    re_sample_18|         array|
|re_sample_19_address0      |  out|    3|   ap_memory|    re_sample_19|         array|
|re_sample_19_ce0           |  out|    1|   ap_memory|    re_sample_19|         array|
|re_sample_19_we0           |  out|    1|   ap_memory|    re_sample_19|         array|
|re_sample_19_d0            |  out|   32|   ap_memory|    re_sample_19|         array|
|re_sample_20_address0      |  out|    3|   ap_memory|    re_sample_20|         array|
|re_sample_20_ce0           |  out|    1|   ap_memory|    re_sample_20|         array|
|re_sample_20_we0           |  out|    1|   ap_memory|    re_sample_20|         array|
|re_sample_20_d0            |  out|   32|   ap_memory|    re_sample_20|         array|
|re_sample_21_address0      |  out|    3|   ap_memory|    re_sample_21|         array|
|re_sample_21_ce0           |  out|    1|   ap_memory|    re_sample_21|         array|
|re_sample_21_we0           |  out|    1|   ap_memory|    re_sample_21|         array|
|re_sample_21_d0            |  out|   32|   ap_memory|    re_sample_21|         array|
|re_sample_22_address0      |  out|    3|   ap_memory|    re_sample_22|         array|
|re_sample_22_ce0           |  out|    1|   ap_memory|    re_sample_22|         array|
|re_sample_22_we0           |  out|    1|   ap_memory|    re_sample_22|         array|
|re_sample_22_d0            |  out|   32|   ap_memory|    re_sample_22|         array|
|re_sample_23_address0      |  out|    3|   ap_memory|    re_sample_23|         array|
|re_sample_23_ce0           |  out|    1|   ap_memory|    re_sample_23|         array|
|re_sample_23_we0           |  out|    1|   ap_memory|    re_sample_23|         array|
|re_sample_23_d0            |  out|   32|   ap_memory|    re_sample_23|         array|
|re_sample_24_address0      |  out|    3|   ap_memory|    re_sample_24|         array|
|re_sample_24_ce0           |  out|    1|   ap_memory|    re_sample_24|         array|
|re_sample_24_we0           |  out|    1|   ap_memory|    re_sample_24|         array|
|re_sample_24_d0            |  out|   32|   ap_memory|    re_sample_24|         array|
|re_sample_25_address0      |  out|    3|   ap_memory|    re_sample_25|         array|
|re_sample_25_ce0           |  out|    1|   ap_memory|    re_sample_25|         array|
|re_sample_25_we0           |  out|    1|   ap_memory|    re_sample_25|         array|
|re_sample_25_d0            |  out|   32|   ap_memory|    re_sample_25|         array|
|re_sample_26_address0      |  out|    3|   ap_memory|    re_sample_26|         array|
|re_sample_26_ce0           |  out|    1|   ap_memory|    re_sample_26|         array|
|re_sample_26_we0           |  out|    1|   ap_memory|    re_sample_26|         array|
|re_sample_26_d0            |  out|   32|   ap_memory|    re_sample_26|         array|
|re_sample_27_address0      |  out|    3|   ap_memory|    re_sample_27|         array|
|re_sample_27_ce0           |  out|    1|   ap_memory|    re_sample_27|         array|
|re_sample_27_we0           |  out|    1|   ap_memory|    re_sample_27|         array|
|re_sample_27_d0            |  out|   32|   ap_memory|    re_sample_27|         array|
|re_sample_28_address0      |  out|    3|   ap_memory|    re_sample_28|         array|
|re_sample_28_ce0           |  out|    1|   ap_memory|    re_sample_28|         array|
|re_sample_28_we0           |  out|    1|   ap_memory|    re_sample_28|         array|
|re_sample_28_d0            |  out|   32|   ap_memory|    re_sample_28|         array|
|re_sample_29_address0      |  out|    3|   ap_memory|    re_sample_29|         array|
|re_sample_29_ce0           |  out|    1|   ap_memory|    re_sample_29|         array|
|re_sample_29_we0           |  out|    1|   ap_memory|    re_sample_29|         array|
|re_sample_29_d0            |  out|   32|   ap_memory|    re_sample_29|         array|
|re_sample_30_address0      |  out|    3|   ap_memory|    re_sample_30|         array|
|re_sample_30_ce0           |  out|    1|   ap_memory|    re_sample_30|         array|
|re_sample_30_we0           |  out|    1|   ap_memory|    re_sample_30|         array|
|re_sample_30_d0            |  out|   32|   ap_memory|    re_sample_30|         array|
|re_sample_31_address0      |  out|    3|   ap_memory|    re_sample_31|         array|
|re_sample_31_ce0           |  out|    1|   ap_memory|    re_sample_31|         array|
|re_sample_31_we0           |  out|    1|   ap_memory|    re_sample_31|         array|
|re_sample_31_d0            |  out|   32|   ap_memory|    re_sample_31|         array|
|re_sample_32_address0      |  out|    3|   ap_memory|    re_sample_32|         array|
|re_sample_32_ce0           |  out|    1|   ap_memory|    re_sample_32|         array|
|re_sample_32_we0           |  out|    1|   ap_memory|    re_sample_32|         array|
|re_sample_32_d0            |  out|   32|   ap_memory|    re_sample_32|         array|
|re_sample_33_address0      |  out|    3|   ap_memory|    re_sample_33|         array|
|re_sample_33_ce0           |  out|    1|   ap_memory|    re_sample_33|         array|
|re_sample_33_we0           |  out|    1|   ap_memory|    re_sample_33|         array|
|re_sample_33_d0            |  out|   32|   ap_memory|    re_sample_33|         array|
|re_sample_34_address0      |  out|    3|   ap_memory|    re_sample_34|         array|
|re_sample_34_ce0           |  out|    1|   ap_memory|    re_sample_34|         array|
|re_sample_34_we0           |  out|    1|   ap_memory|    re_sample_34|         array|
|re_sample_34_d0            |  out|   32|   ap_memory|    re_sample_34|         array|
|re_sample_35_address0      |  out|    3|   ap_memory|    re_sample_35|         array|
|re_sample_35_ce0           |  out|    1|   ap_memory|    re_sample_35|         array|
|re_sample_35_we0           |  out|    1|   ap_memory|    re_sample_35|         array|
|re_sample_35_d0            |  out|   32|   ap_memory|    re_sample_35|         array|
|re_sample_36_address0      |  out|    3|   ap_memory|    re_sample_36|         array|
|re_sample_36_ce0           |  out|    1|   ap_memory|    re_sample_36|         array|
|re_sample_36_we0           |  out|    1|   ap_memory|    re_sample_36|         array|
|re_sample_36_d0            |  out|   32|   ap_memory|    re_sample_36|         array|
|re_sample_37_address0      |  out|    3|   ap_memory|    re_sample_37|         array|
|re_sample_37_ce0           |  out|    1|   ap_memory|    re_sample_37|         array|
|re_sample_37_we0           |  out|    1|   ap_memory|    re_sample_37|         array|
|re_sample_37_d0            |  out|   32|   ap_memory|    re_sample_37|         array|
|re_sample_38_address0      |  out|    3|   ap_memory|    re_sample_38|         array|
|re_sample_38_ce0           |  out|    1|   ap_memory|    re_sample_38|         array|
|re_sample_38_we0           |  out|    1|   ap_memory|    re_sample_38|         array|
|re_sample_38_d0            |  out|   32|   ap_memory|    re_sample_38|         array|
|re_sample_39_address0      |  out|    3|   ap_memory|    re_sample_39|         array|
|re_sample_39_ce0           |  out|    1|   ap_memory|    re_sample_39|         array|
|re_sample_39_we0           |  out|    1|   ap_memory|    re_sample_39|         array|
|re_sample_39_d0            |  out|   32|   ap_memory|    re_sample_39|         array|
|re_sample_40_address0      |  out|    3|   ap_memory|    re_sample_40|         array|
|re_sample_40_ce0           |  out|    1|   ap_memory|    re_sample_40|         array|
|re_sample_40_we0           |  out|    1|   ap_memory|    re_sample_40|         array|
|re_sample_40_d0            |  out|   32|   ap_memory|    re_sample_40|         array|
|re_sample_41_address0      |  out|    3|   ap_memory|    re_sample_41|         array|
|re_sample_41_ce0           |  out|    1|   ap_memory|    re_sample_41|         array|
|re_sample_41_we0           |  out|    1|   ap_memory|    re_sample_41|         array|
|re_sample_41_d0            |  out|   32|   ap_memory|    re_sample_41|         array|
|re_sample_42_address0      |  out|    3|   ap_memory|    re_sample_42|         array|
|re_sample_42_ce0           |  out|    1|   ap_memory|    re_sample_42|         array|
|re_sample_42_we0           |  out|    1|   ap_memory|    re_sample_42|         array|
|re_sample_42_d0            |  out|   32|   ap_memory|    re_sample_42|         array|
|re_sample_43_address0      |  out|    3|   ap_memory|    re_sample_43|         array|
|re_sample_43_ce0           |  out|    1|   ap_memory|    re_sample_43|         array|
|re_sample_43_we0           |  out|    1|   ap_memory|    re_sample_43|         array|
|re_sample_43_d0            |  out|   32|   ap_memory|    re_sample_43|         array|
|re_sample_44_address0      |  out|    3|   ap_memory|    re_sample_44|         array|
|re_sample_44_ce0           |  out|    1|   ap_memory|    re_sample_44|         array|
|re_sample_44_we0           |  out|    1|   ap_memory|    re_sample_44|         array|
|re_sample_44_d0            |  out|   32|   ap_memory|    re_sample_44|         array|
|re_sample_45_address0      |  out|    3|   ap_memory|    re_sample_45|         array|
|re_sample_45_ce0           |  out|    1|   ap_memory|    re_sample_45|         array|
|re_sample_45_we0           |  out|    1|   ap_memory|    re_sample_45|         array|
|re_sample_45_d0            |  out|   32|   ap_memory|    re_sample_45|         array|
|re_sample_46_address0      |  out|    3|   ap_memory|    re_sample_46|         array|
|re_sample_46_ce0           |  out|    1|   ap_memory|    re_sample_46|         array|
|re_sample_46_we0           |  out|    1|   ap_memory|    re_sample_46|         array|
|re_sample_46_d0            |  out|   32|   ap_memory|    re_sample_46|         array|
|re_sample_47_address0      |  out|    3|   ap_memory|    re_sample_47|         array|
|re_sample_47_ce0           |  out|    1|   ap_memory|    re_sample_47|         array|
|re_sample_47_we0           |  out|    1|   ap_memory|    re_sample_47|         array|
|re_sample_47_d0            |  out|   32|   ap_memory|    re_sample_47|         array|
|re_sample_48_address0      |  out|    3|   ap_memory|    re_sample_48|         array|
|re_sample_48_ce0           |  out|    1|   ap_memory|    re_sample_48|         array|
|re_sample_48_we0           |  out|    1|   ap_memory|    re_sample_48|         array|
|re_sample_48_d0            |  out|   32|   ap_memory|    re_sample_48|         array|
|re_sample_49_address0      |  out|    3|   ap_memory|    re_sample_49|         array|
|re_sample_49_ce0           |  out|    1|   ap_memory|    re_sample_49|         array|
|re_sample_49_we0           |  out|    1|   ap_memory|    re_sample_49|         array|
|re_sample_49_d0            |  out|   32|   ap_memory|    re_sample_49|         array|
|re_sample_50_address0      |  out|    3|   ap_memory|    re_sample_50|         array|
|re_sample_50_ce0           |  out|    1|   ap_memory|    re_sample_50|         array|
|re_sample_50_we0           |  out|    1|   ap_memory|    re_sample_50|         array|
|re_sample_50_d0            |  out|   32|   ap_memory|    re_sample_50|         array|
|re_sample_51_address0      |  out|    3|   ap_memory|    re_sample_51|         array|
|re_sample_51_ce0           |  out|    1|   ap_memory|    re_sample_51|         array|
|re_sample_51_we0           |  out|    1|   ap_memory|    re_sample_51|         array|
|re_sample_51_d0            |  out|   32|   ap_memory|    re_sample_51|         array|
|re_sample_52_address0      |  out|    3|   ap_memory|    re_sample_52|         array|
|re_sample_52_ce0           |  out|    1|   ap_memory|    re_sample_52|         array|
|re_sample_52_we0           |  out|    1|   ap_memory|    re_sample_52|         array|
|re_sample_52_d0            |  out|   32|   ap_memory|    re_sample_52|         array|
|re_sample_53_address0      |  out|    3|   ap_memory|    re_sample_53|         array|
|re_sample_53_ce0           |  out|    1|   ap_memory|    re_sample_53|         array|
|re_sample_53_we0           |  out|    1|   ap_memory|    re_sample_53|         array|
|re_sample_53_d0            |  out|   32|   ap_memory|    re_sample_53|         array|
|re_sample_54_address0      |  out|    3|   ap_memory|    re_sample_54|         array|
|re_sample_54_ce0           |  out|    1|   ap_memory|    re_sample_54|         array|
|re_sample_54_we0           |  out|    1|   ap_memory|    re_sample_54|         array|
|re_sample_54_d0            |  out|   32|   ap_memory|    re_sample_54|         array|
|re_sample_55_address0      |  out|    3|   ap_memory|    re_sample_55|         array|
|re_sample_55_ce0           |  out|    1|   ap_memory|    re_sample_55|         array|
|re_sample_55_we0           |  out|    1|   ap_memory|    re_sample_55|         array|
|re_sample_55_d0            |  out|   32|   ap_memory|    re_sample_55|         array|
|re_sample_56_address0      |  out|    3|   ap_memory|    re_sample_56|         array|
|re_sample_56_ce0           |  out|    1|   ap_memory|    re_sample_56|         array|
|re_sample_56_we0           |  out|    1|   ap_memory|    re_sample_56|         array|
|re_sample_56_d0            |  out|   32|   ap_memory|    re_sample_56|         array|
|re_sample_57_address0      |  out|    3|   ap_memory|    re_sample_57|         array|
|re_sample_57_ce0           |  out|    1|   ap_memory|    re_sample_57|         array|
|re_sample_57_we0           |  out|    1|   ap_memory|    re_sample_57|         array|
|re_sample_57_d0            |  out|   32|   ap_memory|    re_sample_57|         array|
|re_sample_58_address0      |  out|    3|   ap_memory|    re_sample_58|         array|
|re_sample_58_ce0           |  out|    1|   ap_memory|    re_sample_58|         array|
|re_sample_58_we0           |  out|    1|   ap_memory|    re_sample_58|         array|
|re_sample_58_d0            |  out|   32|   ap_memory|    re_sample_58|         array|
|re_sample_59_address0      |  out|    3|   ap_memory|    re_sample_59|         array|
|re_sample_59_ce0           |  out|    1|   ap_memory|    re_sample_59|         array|
|re_sample_59_we0           |  out|    1|   ap_memory|    re_sample_59|         array|
|re_sample_59_d0            |  out|   32|   ap_memory|    re_sample_59|         array|
|re_sample_60_address0      |  out|    3|   ap_memory|    re_sample_60|         array|
|re_sample_60_ce0           |  out|    1|   ap_memory|    re_sample_60|         array|
|re_sample_60_we0           |  out|    1|   ap_memory|    re_sample_60|         array|
|re_sample_60_d0            |  out|   32|   ap_memory|    re_sample_60|         array|
|re_sample_61_address0      |  out|    3|   ap_memory|    re_sample_61|         array|
|re_sample_61_ce0           |  out|    1|   ap_memory|    re_sample_61|         array|
|re_sample_61_we0           |  out|    1|   ap_memory|    re_sample_61|         array|
|re_sample_61_d0            |  out|   32|   ap_memory|    re_sample_61|         array|
|re_sample_62_address0      |  out|    3|   ap_memory|    re_sample_62|         array|
|re_sample_62_ce0           |  out|    1|   ap_memory|    re_sample_62|         array|
|re_sample_62_we0           |  out|    1|   ap_memory|    re_sample_62|         array|
|re_sample_62_d0            |  out|   32|   ap_memory|    re_sample_62|         array|
|re_sample_63_address0      |  out|    3|   ap_memory|    re_sample_63|         array|
|re_sample_63_ce0           |  out|    1|   ap_memory|    re_sample_63|         array|
|re_sample_63_we0           |  out|    1|   ap_memory|    re_sample_63|         array|
|re_sample_63_d0            |  out|   32|   ap_memory|    re_sample_63|         array|
|re_sample_64_address0      |  out|    3|   ap_memory|    re_sample_64|         array|
|re_sample_64_ce0           |  out|    1|   ap_memory|    re_sample_64|         array|
|re_sample_64_we0           |  out|    1|   ap_memory|    re_sample_64|         array|
|re_sample_64_d0            |  out|   32|   ap_memory|    re_sample_64|         array|
|re_sample_65_address0      |  out|    3|   ap_memory|    re_sample_65|         array|
|re_sample_65_ce0           |  out|    1|   ap_memory|    re_sample_65|         array|
|re_sample_65_we0           |  out|    1|   ap_memory|    re_sample_65|         array|
|re_sample_65_d0            |  out|   32|   ap_memory|    re_sample_65|         array|
|re_sample_66_address0      |  out|    3|   ap_memory|    re_sample_66|         array|
|re_sample_66_ce0           |  out|    1|   ap_memory|    re_sample_66|         array|
|re_sample_66_we0           |  out|    1|   ap_memory|    re_sample_66|         array|
|re_sample_66_d0            |  out|   32|   ap_memory|    re_sample_66|         array|
|re_sample_67_address0      |  out|    3|   ap_memory|    re_sample_67|         array|
|re_sample_67_ce0           |  out|    1|   ap_memory|    re_sample_67|         array|
|re_sample_67_we0           |  out|    1|   ap_memory|    re_sample_67|         array|
|re_sample_67_d0            |  out|   32|   ap_memory|    re_sample_67|         array|
|re_sample_68_address0      |  out|    3|   ap_memory|    re_sample_68|         array|
|re_sample_68_ce0           |  out|    1|   ap_memory|    re_sample_68|         array|
|re_sample_68_we0           |  out|    1|   ap_memory|    re_sample_68|         array|
|re_sample_68_d0            |  out|   32|   ap_memory|    re_sample_68|         array|
|re_sample_69_address0      |  out|    3|   ap_memory|    re_sample_69|         array|
|re_sample_69_ce0           |  out|    1|   ap_memory|    re_sample_69|         array|
|re_sample_69_we0           |  out|    1|   ap_memory|    re_sample_69|         array|
|re_sample_69_d0            |  out|   32|   ap_memory|    re_sample_69|         array|
|re_sample_70_address0      |  out|    3|   ap_memory|    re_sample_70|         array|
|re_sample_70_ce0           |  out|    1|   ap_memory|    re_sample_70|         array|
|re_sample_70_we0           |  out|    1|   ap_memory|    re_sample_70|         array|
|re_sample_70_d0            |  out|   32|   ap_memory|    re_sample_70|         array|
|re_sample_71_address0      |  out|    3|   ap_memory|    re_sample_71|         array|
|re_sample_71_ce0           |  out|    1|   ap_memory|    re_sample_71|         array|
|re_sample_71_we0           |  out|    1|   ap_memory|    re_sample_71|         array|
|re_sample_71_d0            |  out|   32|   ap_memory|    re_sample_71|         array|
|re_sample_72_address0      |  out|    3|   ap_memory|    re_sample_72|         array|
|re_sample_72_ce0           |  out|    1|   ap_memory|    re_sample_72|         array|
|re_sample_72_we0           |  out|    1|   ap_memory|    re_sample_72|         array|
|re_sample_72_d0            |  out|   32|   ap_memory|    re_sample_72|         array|
|re_sample_73_address0      |  out|    3|   ap_memory|    re_sample_73|         array|
|re_sample_73_ce0           |  out|    1|   ap_memory|    re_sample_73|         array|
|re_sample_73_we0           |  out|    1|   ap_memory|    re_sample_73|         array|
|re_sample_73_d0            |  out|   32|   ap_memory|    re_sample_73|         array|
|re_sample_74_address0      |  out|    3|   ap_memory|    re_sample_74|         array|
|re_sample_74_ce0           |  out|    1|   ap_memory|    re_sample_74|         array|
|re_sample_74_we0           |  out|    1|   ap_memory|    re_sample_74|         array|
|re_sample_74_d0            |  out|   32|   ap_memory|    re_sample_74|         array|
|re_sample_75_address0      |  out|    3|   ap_memory|    re_sample_75|         array|
|re_sample_75_ce0           |  out|    1|   ap_memory|    re_sample_75|         array|
|re_sample_75_we0           |  out|    1|   ap_memory|    re_sample_75|         array|
|re_sample_75_d0            |  out|   32|   ap_memory|    re_sample_75|         array|
|re_sample_76_address0      |  out|    3|   ap_memory|    re_sample_76|         array|
|re_sample_76_ce0           |  out|    1|   ap_memory|    re_sample_76|         array|
|re_sample_76_we0           |  out|    1|   ap_memory|    re_sample_76|         array|
|re_sample_76_d0            |  out|   32|   ap_memory|    re_sample_76|         array|
|re_sample_77_address0      |  out|    3|   ap_memory|    re_sample_77|         array|
|re_sample_77_ce0           |  out|    1|   ap_memory|    re_sample_77|         array|
|re_sample_77_we0           |  out|    1|   ap_memory|    re_sample_77|         array|
|re_sample_77_d0            |  out|   32|   ap_memory|    re_sample_77|         array|
|re_sample_78_address0      |  out|    3|   ap_memory|    re_sample_78|         array|
|re_sample_78_ce0           |  out|    1|   ap_memory|    re_sample_78|         array|
|re_sample_78_we0           |  out|    1|   ap_memory|    re_sample_78|         array|
|re_sample_78_d0            |  out|   32|   ap_memory|    re_sample_78|         array|
|re_sample_79_address0      |  out|    3|   ap_memory|    re_sample_79|         array|
|re_sample_79_ce0           |  out|    1|   ap_memory|    re_sample_79|         array|
|re_sample_79_we0           |  out|    1|   ap_memory|    re_sample_79|         array|
|re_sample_79_d0            |  out|   32|   ap_memory|    re_sample_79|         array|
|re_sample_80_address0      |  out|    3|   ap_memory|    re_sample_80|         array|
|re_sample_80_ce0           |  out|    1|   ap_memory|    re_sample_80|         array|
|re_sample_80_we0           |  out|    1|   ap_memory|    re_sample_80|         array|
|re_sample_80_d0            |  out|   32|   ap_memory|    re_sample_80|         array|
|re_sample_81_address0      |  out|    3|   ap_memory|    re_sample_81|         array|
|re_sample_81_ce0           |  out|    1|   ap_memory|    re_sample_81|         array|
|re_sample_81_we0           |  out|    1|   ap_memory|    re_sample_81|         array|
|re_sample_81_d0            |  out|   32|   ap_memory|    re_sample_81|         array|
|re_sample_82_address0      |  out|    3|   ap_memory|    re_sample_82|         array|
|re_sample_82_ce0           |  out|    1|   ap_memory|    re_sample_82|         array|
|re_sample_82_we0           |  out|    1|   ap_memory|    re_sample_82|         array|
|re_sample_82_d0            |  out|   32|   ap_memory|    re_sample_82|         array|
|re_sample_83_address0      |  out|    3|   ap_memory|    re_sample_83|         array|
|re_sample_83_ce0           |  out|    1|   ap_memory|    re_sample_83|         array|
|re_sample_83_we0           |  out|    1|   ap_memory|    re_sample_83|         array|
|re_sample_83_d0            |  out|   32|   ap_memory|    re_sample_83|         array|
|re_sample_84_address0      |  out|    3|   ap_memory|    re_sample_84|         array|
|re_sample_84_ce0           |  out|    1|   ap_memory|    re_sample_84|         array|
|re_sample_84_we0           |  out|    1|   ap_memory|    re_sample_84|         array|
|re_sample_84_d0            |  out|   32|   ap_memory|    re_sample_84|         array|
|re_sample_85_address0      |  out|    3|   ap_memory|    re_sample_85|         array|
|re_sample_85_ce0           |  out|    1|   ap_memory|    re_sample_85|         array|
|re_sample_85_we0           |  out|    1|   ap_memory|    re_sample_85|         array|
|re_sample_85_d0            |  out|   32|   ap_memory|    re_sample_85|         array|
|re_sample_86_address0      |  out|    3|   ap_memory|    re_sample_86|         array|
|re_sample_86_ce0           |  out|    1|   ap_memory|    re_sample_86|         array|
|re_sample_86_we0           |  out|    1|   ap_memory|    re_sample_86|         array|
|re_sample_86_d0            |  out|   32|   ap_memory|    re_sample_86|         array|
|re_sample_87_address0      |  out|    3|   ap_memory|    re_sample_87|         array|
|re_sample_87_ce0           |  out|    1|   ap_memory|    re_sample_87|         array|
|re_sample_87_we0           |  out|    1|   ap_memory|    re_sample_87|         array|
|re_sample_87_d0            |  out|   32|   ap_memory|    re_sample_87|         array|
|re_sample_88_address0      |  out|    3|   ap_memory|    re_sample_88|         array|
|re_sample_88_ce0           |  out|    1|   ap_memory|    re_sample_88|         array|
|re_sample_88_we0           |  out|    1|   ap_memory|    re_sample_88|         array|
|re_sample_88_d0            |  out|   32|   ap_memory|    re_sample_88|         array|
|re_sample_89_address0      |  out|    3|   ap_memory|    re_sample_89|         array|
|re_sample_89_ce0           |  out|    1|   ap_memory|    re_sample_89|         array|
|re_sample_89_we0           |  out|    1|   ap_memory|    re_sample_89|         array|
|re_sample_89_d0            |  out|   32|   ap_memory|    re_sample_89|         array|
|re_sample_90_address0      |  out|    3|   ap_memory|    re_sample_90|         array|
|re_sample_90_ce0           |  out|    1|   ap_memory|    re_sample_90|         array|
|re_sample_90_we0           |  out|    1|   ap_memory|    re_sample_90|         array|
|re_sample_90_d0            |  out|   32|   ap_memory|    re_sample_90|         array|
|re_sample_91_address0      |  out|    3|   ap_memory|    re_sample_91|         array|
|re_sample_91_ce0           |  out|    1|   ap_memory|    re_sample_91|         array|
|re_sample_91_we0           |  out|    1|   ap_memory|    re_sample_91|         array|
|re_sample_91_d0            |  out|   32|   ap_memory|    re_sample_91|         array|
|re_sample_92_address0      |  out|    3|   ap_memory|    re_sample_92|         array|
|re_sample_92_ce0           |  out|    1|   ap_memory|    re_sample_92|         array|
|re_sample_92_we0           |  out|    1|   ap_memory|    re_sample_92|         array|
|re_sample_92_d0            |  out|   32|   ap_memory|    re_sample_92|         array|
|re_sample_93_address0      |  out|    3|   ap_memory|    re_sample_93|         array|
|re_sample_93_ce0           |  out|    1|   ap_memory|    re_sample_93|         array|
|re_sample_93_we0           |  out|    1|   ap_memory|    re_sample_93|         array|
|re_sample_93_d0            |  out|   32|   ap_memory|    re_sample_93|         array|
|re_sample_94_address0      |  out|    3|   ap_memory|    re_sample_94|         array|
|re_sample_94_ce0           |  out|    1|   ap_memory|    re_sample_94|         array|
|re_sample_94_we0           |  out|    1|   ap_memory|    re_sample_94|         array|
|re_sample_94_d0            |  out|   32|   ap_memory|    re_sample_94|         array|
|re_sample_95_address0      |  out|    3|   ap_memory|    re_sample_95|         array|
|re_sample_95_ce0           |  out|    1|   ap_memory|    re_sample_95|         array|
|re_sample_95_we0           |  out|    1|   ap_memory|    re_sample_95|         array|
|re_sample_95_d0            |  out|   32|   ap_memory|    re_sample_95|         array|
|re_sample_96_address0      |  out|    3|   ap_memory|    re_sample_96|         array|
|re_sample_96_ce0           |  out|    1|   ap_memory|    re_sample_96|         array|
|re_sample_96_we0           |  out|    1|   ap_memory|    re_sample_96|         array|
|re_sample_96_d0            |  out|   32|   ap_memory|    re_sample_96|         array|
|re_sample_97_address0      |  out|    3|   ap_memory|    re_sample_97|         array|
|re_sample_97_ce0           |  out|    1|   ap_memory|    re_sample_97|         array|
|re_sample_97_we0           |  out|    1|   ap_memory|    re_sample_97|         array|
|re_sample_97_d0            |  out|   32|   ap_memory|    re_sample_97|         array|
|re_sample_98_address0      |  out|    3|   ap_memory|    re_sample_98|         array|
|re_sample_98_ce0           |  out|    1|   ap_memory|    re_sample_98|         array|
|re_sample_98_we0           |  out|    1|   ap_memory|    re_sample_98|         array|
|re_sample_98_d0            |  out|   32|   ap_memory|    re_sample_98|         array|
|re_sample_99_address0      |  out|    3|   ap_memory|    re_sample_99|         array|
|re_sample_99_ce0           |  out|    1|   ap_memory|    re_sample_99|         array|
|re_sample_99_we0           |  out|    1|   ap_memory|    re_sample_99|         array|
|re_sample_99_d0            |  out|   32|   ap_memory|    re_sample_99|         array|
|re_sample_100_address0     |  out|    3|   ap_memory|   re_sample_100|         array|
|re_sample_100_ce0          |  out|    1|   ap_memory|   re_sample_100|         array|
|re_sample_100_we0          |  out|    1|   ap_memory|   re_sample_100|         array|
|re_sample_100_d0           |  out|   32|   ap_memory|   re_sample_100|         array|
|re_sample_101_address0     |  out|    3|   ap_memory|   re_sample_101|         array|
|re_sample_101_ce0          |  out|    1|   ap_memory|   re_sample_101|         array|
|re_sample_101_we0          |  out|    1|   ap_memory|   re_sample_101|         array|
|re_sample_101_d0           |  out|   32|   ap_memory|   re_sample_101|         array|
|re_sample_102_address0     |  out|    3|   ap_memory|   re_sample_102|         array|
|re_sample_102_ce0          |  out|    1|   ap_memory|   re_sample_102|         array|
|re_sample_102_we0          |  out|    1|   ap_memory|   re_sample_102|         array|
|re_sample_102_d0           |  out|   32|   ap_memory|   re_sample_102|         array|
|re_sample_103_address0     |  out|    3|   ap_memory|   re_sample_103|         array|
|re_sample_103_ce0          |  out|    1|   ap_memory|   re_sample_103|         array|
|re_sample_103_we0          |  out|    1|   ap_memory|   re_sample_103|         array|
|re_sample_103_d0           |  out|   32|   ap_memory|   re_sample_103|         array|
|re_sample_104_address0     |  out|    3|   ap_memory|   re_sample_104|         array|
|re_sample_104_ce0          |  out|    1|   ap_memory|   re_sample_104|         array|
|re_sample_104_we0          |  out|    1|   ap_memory|   re_sample_104|         array|
|re_sample_104_d0           |  out|   32|   ap_memory|   re_sample_104|         array|
|re_sample_105_address0     |  out|    3|   ap_memory|   re_sample_105|         array|
|re_sample_105_ce0          |  out|    1|   ap_memory|   re_sample_105|         array|
|re_sample_105_we0          |  out|    1|   ap_memory|   re_sample_105|         array|
|re_sample_105_d0           |  out|   32|   ap_memory|   re_sample_105|         array|
|re_sample_106_address0     |  out|    3|   ap_memory|   re_sample_106|         array|
|re_sample_106_ce0          |  out|    1|   ap_memory|   re_sample_106|         array|
|re_sample_106_we0          |  out|    1|   ap_memory|   re_sample_106|         array|
|re_sample_106_d0           |  out|   32|   ap_memory|   re_sample_106|         array|
|re_sample_107_address0     |  out|    3|   ap_memory|   re_sample_107|         array|
|re_sample_107_ce0          |  out|    1|   ap_memory|   re_sample_107|         array|
|re_sample_107_we0          |  out|    1|   ap_memory|   re_sample_107|         array|
|re_sample_107_d0           |  out|   32|   ap_memory|   re_sample_107|         array|
|re_sample_108_address0     |  out|    3|   ap_memory|   re_sample_108|         array|
|re_sample_108_ce0          |  out|    1|   ap_memory|   re_sample_108|         array|
|re_sample_108_we0          |  out|    1|   ap_memory|   re_sample_108|         array|
|re_sample_108_d0           |  out|   32|   ap_memory|   re_sample_108|         array|
|re_sample_109_address0     |  out|    3|   ap_memory|   re_sample_109|         array|
|re_sample_109_ce0          |  out|    1|   ap_memory|   re_sample_109|         array|
|re_sample_109_we0          |  out|    1|   ap_memory|   re_sample_109|         array|
|re_sample_109_d0           |  out|   32|   ap_memory|   re_sample_109|         array|
|re_sample_110_address0     |  out|    3|   ap_memory|   re_sample_110|         array|
|re_sample_110_ce0          |  out|    1|   ap_memory|   re_sample_110|         array|
|re_sample_110_we0          |  out|    1|   ap_memory|   re_sample_110|         array|
|re_sample_110_d0           |  out|   32|   ap_memory|   re_sample_110|         array|
|re_sample_111_address0     |  out|    3|   ap_memory|   re_sample_111|         array|
|re_sample_111_ce0          |  out|    1|   ap_memory|   re_sample_111|         array|
|re_sample_111_we0          |  out|    1|   ap_memory|   re_sample_111|         array|
|re_sample_111_d0           |  out|   32|   ap_memory|   re_sample_111|         array|
|re_sample_112_address0     |  out|    3|   ap_memory|   re_sample_112|         array|
|re_sample_112_ce0          |  out|    1|   ap_memory|   re_sample_112|         array|
|re_sample_112_we0          |  out|    1|   ap_memory|   re_sample_112|         array|
|re_sample_112_d0           |  out|   32|   ap_memory|   re_sample_112|         array|
|re_sample_113_address0     |  out|    3|   ap_memory|   re_sample_113|         array|
|re_sample_113_ce0          |  out|    1|   ap_memory|   re_sample_113|         array|
|re_sample_113_we0          |  out|    1|   ap_memory|   re_sample_113|         array|
|re_sample_113_d0           |  out|   32|   ap_memory|   re_sample_113|         array|
|re_sample_114_address0     |  out|    3|   ap_memory|   re_sample_114|         array|
|re_sample_114_ce0          |  out|    1|   ap_memory|   re_sample_114|         array|
|re_sample_114_we0          |  out|    1|   ap_memory|   re_sample_114|         array|
|re_sample_114_d0           |  out|   32|   ap_memory|   re_sample_114|         array|
|re_sample_115_address0     |  out|    3|   ap_memory|   re_sample_115|         array|
|re_sample_115_ce0          |  out|    1|   ap_memory|   re_sample_115|         array|
|re_sample_115_we0          |  out|    1|   ap_memory|   re_sample_115|         array|
|re_sample_115_d0           |  out|   32|   ap_memory|   re_sample_115|         array|
|re_sample_116_address0     |  out|    3|   ap_memory|   re_sample_116|         array|
|re_sample_116_ce0          |  out|    1|   ap_memory|   re_sample_116|         array|
|re_sample_116_we0          |  out|    1|   ap_memory|   re_sample_116|         array|
|re_sample_116_d0           |  out|   32|   ap_memory|   re_sample_116|         array|
|re_sample_117_address0     |  out|    3|   ap_memory|   re_sample_117|         array|
|re_sample_117_ce0          |  out|    1|   ap_memory|   re_sample_117|         array|
|re_sample_117_we0          |  out|    1|   ap_memory|   re_sample_117|         array|
|re_sample_117_d0           |  out|   32|   ap_memory|   re_sample_117|         array|
|re_sample_118_address0     |  out|    3|   ap_memory|   re_sample_118|         array|
|re_sample_118_ce0          |  out|    1|   ap_memory|   re_sample_118|         array|
|re_sample_118_we0          |  out|    1|   ap_memory|   re_sample_118|         array|
|re_sample_118_d0           |  out|   32|   ap_memory|   re_sample_118|         array|
|re_sample_119_address0     |  out|    3|   ap_memory|   re_sample_119|         array|
|re_sample_119_ce0          |  out|    1|   ap_memory|   re_sample_119|         array|
|re_sample_119_we0          |  out|    1|   ap_memory|   re_sample_119|         array|
|re_sample_119_d0           |  out|   32|   ap_memory|   re_sample_119|         array|
|re_sample_120_address0     |  out|    3|   ap_memory|   re_sample_120|         array|
|re_sample_120_ce0          |  out|    1|   ap_memory|   re_sample_120|         array|
|re_sample_120_we0          |  out|    1|   ap_memory|   re_sample_120|         array|
|re_sample_120_d0           |  out|   32|   ap_memory|   re_sample_120|         array|
|re_sample_121_address0     |  out|    3|   ap_memory|   re_sample_121|         array|
|re_sample_121_ce0          |  out|    1|   ap_memory|   re_sample_121|         array|
|re_sample_121_we0          |  out|    1|   ap_memory|   re_sample_121|         array|
|re_sample_121_d0           |  out|   32|   ap_memory|   re_sample_121|         array|
|re_sample_122_address0     |  out|    3|   ap_memory|   re_sample_122|         array|
|re_sample_122_ce0          |  out|    1|   ap_memory|   re_sample_122|         array|
|re_sample_122_we0          |  out|    1|   ap_memory|   re_sample_122|         array|
|re_sample_122_d0           |  out|   32|   ap_memory|   re_sample_122|         array|
|re_sample_123_address0     |  out|    3|   ap_memory|   re_sample_123|         array|
|re_sample_123_ce0          |  out|    1|   ap_memory|   re_sample_123|         array|
|re_sample_123_we0          |  out|    1|   ap_memory|   re_sample_123|         array|
|re_sample_123_d0           |  out|   32|   ap_memory|   re_sample_123|         array|
|re_sample_124_address0     |  out|    3|   ap_memory|   re_sample_124|         array|
|re_sample_124_ce0          |  out|    1|   ap_memory|   re_sample_124|         array|
|re_sample_124_we0          |  out|    1|   ap_memory|   re_sample_124|         array|
|re_sample_124_d0           |  out|   32|   ap_memory|   re_sample_124|         array|
|re_sample_125_address0     |  out|    3|   ap_memory|   re_sample_125|         array|
|re_sample_125_ce0          |  out|    1|   ap_memory|   re_sample_125|         array|
|re_sample_125_we0          |  out|    1|   ap_memory|   re_sample_125|         array|
|re_sample_125_d0           |  out|   32|   ap_memory|   re_sample_125|         array|
|re_sample_126_address0     |  out|    3|   ap_memory|   re_sample_126|         array|
|re_sample_126_ce0          |  out|    1|   ap_memory|   re_sample_126|         array|
|re_sample_126_we0          |  out|    1|   ap_memory|   re_sample_126|         array|
|re_sample_126_d0           |  out|   32|   ap_memory|   re_sample_126|         array|
|re_sample_127_address0     |  out|    3|   ap_memory|   re_sample_127|         array|
|re_sample_127_ce0          |  out|    1|   ap_memory|   re_sample_127|         array|
|re_sample_127_we0          |  out|    1|   ap_memory|   re_sample_127|         array|
|re_sample_127_d0           |  out|   32|   ap_memory|   re_sample_127|         array|
+---------------------------+-----+-----+------------+----------------+--------------+

