

================================================================
== Synthesis Summary Report of 'mul'
================================================================
+ General Information: 
    * Date:           Sat Sep 18 21:53:08 2021
    * Version:        2020.2 (Build 3064766 on Wed Nov 18 09:12:45 MST 2020)
    * Project:        Mul
    * Solution:       solution1 (Vivado IP Flow Target)
    * Product family: zynq
    * Target device:  xc7z020-clg400-1
    

+ Performance & Resource Estimates: 
    
    PS: '+' for module; 'o' for loop; '*' for dataflow
    +--------+------+-------+---------+--------+----------+---------+------+----------+------+----+-----------+-----------+-----+
    | Modules| Issue|       | Latency | Latency| Iteration|         | Trip |          |      |    |           |           |     |
    | & Loops| Type | Slack | (cycles)|  (ns)  |  Latency | Interval| Count| Pipelined| BRAM | DSP|     FF    |    LUT    | URAM|
    +--------+------+-------+---------+--------+----------+---------+------+----------+------+----+-----------+-----------+-----+
    |+ mul   |     -|  -5.30|        0|   0.000|         -|        1|     -|        no|     -|   -|  112 (~0%)|  168 (~0%)|    -|
    +--------+------+-------+---------+--------+----------+---------+------+----------+------+----+-----------+-----------+-----+

